mï¿½;32mI (35) boot:ï¿½ets Jul 29 2019 12:21:46

rst:0x1 (POWERON_RESET),boot:0x13 (SPI_FAST_FLASH_BOOT)
configsip: 0, SPIWP:0xee
clk_drv:0x00,q_drv:0x00,d_drv:0x00,cs0_drv:0x00,hd_drv:0x00,wp_drv:0x00
mode:DIO, clock div:2
load:0x3fff0030,len:7176
load:0x40078000,len:15564
ho 0 tail 12 room 4
load:0x40080400,len:4
load:0x40080404,len:3904
entry 0x40080640
[0;32mI (31) boot: ESP-IDF v5.3 2nd stage bootloader[0m
[0;32mI (31) boot: compile time Jan 10 2025 12:37:12[0m
[0;32mI (31) boot: Multicore bootloader[0m
[0;32mI (35) boot: chip revision: v3.0[0m
[0;32mI (39) boot.esp32: SPI Speed      : 40MHz[0m
[0;32mI (44) boot.esp32: SPI Mode       : DIO[0m
[0;32mI (48) boot.esp32: SPI Flash Size : 2MB[0m
[0;32mI (53) boot: Enabling RNG early entropy source...[0m
[0;32mI (58) boot: Partition Table:[0m
[0;32mI (62) boot: ## Label            Usage          Type ST Offset   Length[0m
[0;32mI (69) boot:  0 nvs              WiFi data        01 02 00009000 00006000[0m
[0;32mI (76) boot:  1 phy_init         RF data          01 01 0000f000 00001000[0m
[0;32mI (84) boot:  2 factory          factory app      00 00 00010000 00100000[0m
[0;32mI (91) boot: End of partition table[0m
[0;32mI (96) esp_image: segment 0: paddr=00010020 vaddr=3f400020 size=0afd4h ( 45012) map[0m
[0;32mI (120) esp_image: segment 1: paddr=0001affc vaddr=3ffb0000 size=02374h (  9076) load[0m
[0;32mI (123) esp_image: segment 2: paddr=0001d378 vaddr=40080000 size=02ca0h ( 11424) load[0m
[0;32mI (130) esp_image: segment 3: paddr=00020020 vaddr=400d0020 size=170dch ( 94428) map[0m
[0;32mI (166) esp_image: segment 4: paddr=00037104 vaddr=40082ca0 size=0a66ch ( 42604) load[0m
[0;32mI (190) boot: Loaded app from partition at offset 0x10000[0m
[0;32mI (190) boot: Disabling RNG early entropy source...[0m
[0;32mI (202) cpu_start: Multicore app[0m
[0;32mI (210) cpu_start: Pro cpu start user code[0m
[0;32mI (211) cpu_start: cpu freq: 160000000 Hz[0m
[0;32mI (211) app_init: Application information:[0m
[0;32mI (213) app_init: Project name:     DosificadorV2[0m
[0;32mI (219) app_init: App version:      32fd8b8-dirty[0m
[0;32mI (224) app_init: Compile time:     Jan 13 2025 13:25:58[0m
[0;32mI (230) app_init: ELF file SHA256:  3b764a48a...[0m
[0;32mI (236) app_init: ESP-IDF:          v5.3[0m
[0;32mI (240) efuse_init: Min chip rev:     v0.0[0m
[0;32mI (245) efuse_init: Max chip rev:     v3.99 [0m
[0;32mI (250) efuse_init: Chip rev:         v3.0[0m
[0;32mI (255) heap_init: Initializing. RAM available for dynamic allocation:[0m
[0;32mI (262) heap_init: At 3FFAE6E0 len 00001920 (6 KiB): DRAM[0m
[0;32mI (268) heap_init: At 3FFB2D98 len 0002D268 (180 KiB): DRAM[0m
[0;32mI (274) heap_init: At 3FFE0440 len 00003AE0 (14 KiB): D/IRAM[0m
[0;32mI (280) heap_init: At 3FFE4350 len 0001BCB0 (111 KiB): D/IRAM[0m
[0;32mI (287) heap_init: At 4008D30C len 00012CF4 (75 KiB): IRAM[0m
[0;32mI (295) spi_flash: detected chip: generic[0m
[0;32mI (298) spi_flash: flash io: dio[0m
[0;33mW (302) spi_flash: Detected size(4096k) larger than the size in the binary image header(2048k). Using the size in the binary image header.[0m
[0;32mI (315) main_task: Started on CPU0[0m
[0;32mI (325) main_task: Calling app_main()[0m
[0;32mI (325) gpio: GPIO[25]| InputEn: 0| OutputEn: 1| OpenDrain: 0| Pullup: 0| Pulldown: 0| Intr:0 [0m
[0;32mI (325) gpio: GPIO[26]| InputEn: 0| OutputEn: 1| OpenDrain: 0| Pullup: 0| Pulldown: 0| Intr:0 [0m
[0;32mI (335) gpio: GPIO[27]| InputEn: 0| OutputEn: 1| OpenDrain: 0| Pullup: 0| Pulldown: 0| Intr:0 [0m
[0;32mI (345) motorDC: Motor DC initialized[0m
[0;32mI (355) gpio: GPIO[21]| InputEn: 1| OutputEn: 0| OpenDrain: 0| Pullup: 0| Pulldown: 0| Intr:0 [0m
[0;32mI (355) gpio: GPIO[22]| InputEn: 0| OutputEn: 1| OpenDrain: 0| Pullup: 0| Pulldown: 0| Intr:0 [0m
ESP_ERROR_CHECK failed: esp_err_t 0x107 (ESP_ERR_TIMEOUT) at 0x400d6338
file: "./components/hx711_comp/hx711_comp.c" line 18
func: tarar_bascula
expression: hx711_init(&hx711)

abort() was called at PC 0x400856c3 on core 0


Backtrace: 0x40081886:0x3ffb3f50 0x400856cd:0x3ffb3f70 0x4008bbe5:0x3ffb3f90 0x400856c3:0x3ffb4000 0x400d6338:0x3ffb4030 0x400d6310:0x3ffb4070 0x400e6894:0x3ffb4090 0x4008615d:0x3ffb40c0




ELF file SHA256: 3b764a48a

Rebooting...
ets Jul 29 2019 12:21:46

rst:0xc (SW_CPU_RESET),boot:0x13 (SPI_FAST_FLASH_BOOT)
configsip: 0, SPIWP:0xee
clk_drv:0x00,q_drv:0x00,d_drv:0x00,cs0_drv:0x00,hd_drv:0x00,wp_drv:0x00
mode:DIO, clock div:2
load:0x3fff0030,len:7176
load:0x40078000,len:15564
ho 0 tail 12 room 4
load:0x40080400,len:4
load:0x40080404,len:3904
entry 0x40080640
[0;32mI (31) boot: ESP-IDF v5.3 2nd stage bootloader[0m
[0;32mI (31) boot: compile time Jan 10 2025 12:37:12[0m
[0;32mI (31) boot: Multicore bootloader[0m
[0;32mI (35) boot: chip revision: v3.0[0m
[0;32mI (39) boot.esp32: SPI Speed      : 40MHz[0m
[0;32mI (44) boot.esp32: SPI Mode       : DIO[0m
[0;32mI (48) boot.esp32: SPI Flash Size : 2MB[0m
[0;32mI (53) boot: Enabling RNG early entropy source...[0m
[0;32mI (58) boot: Partition Table:[0m
[0;32mI (62) boot: ## Label            Usage          Type ST Offset   Length[0m
[0;32mI (69) boot:  0 nvs              WiFi data        01 02 00009000 00006000[0m
[0;32mI (76) boot:  1 phy_init         RF data          01 01 0000f000 00001000[0m
[0;32mI (84) boot:  2 factory          factory app      00 00 00010000 00100000[0m
[0;32mI (91) boot: End of partition table[0m
[0;32mI (96) esp_image: segment 0: paddr=00010020 vaddr=3f400020 size=0afd4h ( 45012) map[0m
[0;32mI (119) esp_image: segment 1: paddr=0001affc vaddr=3ffb0000 size=02374h (  9076) load[0m
[0;32mI (123) esp_image: segment 2: paddr=0001d378 vaddr=40080000 size=02ca0h ( 11424) load[0m
[0;32mI (130) esp_image: segment 3: paddr=00020020 vaddr=400d0020 size=170dch ( 94428) map[0m
[0;32mI (166) esp_image: segment 4: paddr=00037104 vaddr=40082ca0 size=0a66ch ( 42604) load[0m
[0;32mI (190) boot: Loaded app from partition at offset 0x10000[0m
[0;32mI (190) boot: Disabling RNG early entropy source...[0m
[0;32mI (201) cpu_start: Multicore app[0m
[0;32mI (210) cpu_start: Pro cpu start user code[0m
[0;32mI (210) cpu_start: cpu freq: 160000000 Hz[0m
[0;32mI (211) app_init: Application information:[0m
[0;32mI (213) app_init: Project name:     DosificadorV2[0m
[0;32mI (219) app_init: App version:      32fd8b8-dirty[0m
[0;32mI (224) app_init: Compile time:     Jan 13 2025 13:25:58[0m
[0;32mI (230) app_init: ELF file SHA256:  3b764a48a...[0m
[0;32mI (235) app_init: ESP-IDF:          v5.3[0m
[0;32mI (240) efuse_init: Min chip rev:     v0.0[0m
[0;32mI (245) efuse_init: Max chip rev:     v3.99 [0m
[0;32mI (250) efuse_init: Chip rev:         v3.0[0m
[0;32mI (255) heap_init: Initializing. RAM available for dynamic allocation:[0m
[0;32mI (262) heap_init: At 3FFAE6E0 len 00001920 (6 KiB): DRAM[0m
[0;32mI (268) heap_init: At 3FFB2D98 len 0002D268 (180 KiB): DRAM[0m
[0;32mI (274) heap_init: At 3FFE0440 len 00003AE0 (14 KiB): D/IRAM[0m
[0;32mI (280) heap_init: At 3FFE4350 len 0001BCB0 (111 KiB): D/IRAM[0m
[0;32mI (287) heap_init: At 4008D30C len 00012CF4 (75 KiB): IRAM[0m
[0;32mI (295) spi_flash: detected chip: generic[0m
[0;32mI (298) spi_flash: flash io: dio[0m
[0;33mW (302) spi_flash: Detected size(4096k) larger than the size in the binary image header(2048k). Using the size in the binary image header.[0m
[0;32mI (315) main_task: Started on CPU0[0m
[0;32mI (325) main_task: Calling app_main()[0m
[0;32mI (325) gpio: GPIO[25]| InputEn: 0| OutputEn: 1| OpenDrain: 0| Pullup: 0| Pulldown: 0| Intr:0 [0m
[0;32mI (325) gpio: GPIO[26]| InputEn: 0| OutputEn: 1| OpenDrain: 0| Pullup: 0| Pulldown: 0| Intr:0 [0m
[0;32mI (335) gpio: GPIO[27]| InputEn: 0| OutputEn: 1| OpenDrain: 0| Pullup: 0| Pulldown: 0| Intr:0 [0m
[0;32mI (345) motorDC: Motor DC initialized[0m
[0;32mI (355) gpio: GPIO[21]| InputEn: 1| OutputEn: 0| OpenDrain: 0| Pullup: 0| Pulldown: 0| Intr:0 [0m
[0;32mI (355) gpio: GPIO[22]| InputEn: 0| OutputEn: 1| OpenDrain: 0| Pullup: 0| Pulldown: 0| Intr:0 [0m
[0;32mI (375) hx711-example: Tareando...[0m
time 3 hits 30032
time 3 hits 60032
time 3 hits 90032
[0;32mI (91465) hx711-example: Tareo listo... -251864[0m
[0;32mI (93285) hx711-example: Info: 11[0m
[0;32mI (93285) hx711-example: Medida: 0.051098 grms.[0m
[0;32mI (95095) hx711-example: Info: 10[0m
[0;32mI (95095) hx711-example: Medida: 0.046453 grms.[0m
[0;32mI (96915) hx711-example: Info: 13[0m
[0;32mI (96915) hx711-example: Medida: 0.060388 grms.[0m
[0;32mI (98725) hx711-example: Info: 22[0m
[0;32mI (98725) hx711-example: Medida: 0.102196 grms.[0m
[0;32mI (100545) hx711-example: Info: 17[0m
[0;32mI (100545) hx711-example: Medida: 0.078970 grms.[0m
[0;32mI (102355) hx711-example: Info: 15[0m
[0;32mI (102355) hx711-example: Medida: 0.069679 grms.[0m
[0;32mI (104175) hx711-example: Info: 14[0m
[0;32mI (104175) hx711-example: Medida: 0.065034 grms.[0m
[0;32mI (105985) hx711-example: Info: 14[0m
[0;32mI (105985) hx711-example: Medida: 0.065034 grms.[0m
[0;32mI (107805) hx711-example: Info: 15[0m
[0;32mI (107805) hx711-example: Medida: 0.069679 grms.[0m
[0;32mI (109615) hx711-example: Info: 16[0m
[0;32mI (109615) hx711-example: Medida: 0.074324 grms.[0m
[0;32mI (111435) hx711-example: Info: 21[0m
[0;32mI (111435) hx711-example: Medida: 0.097551 grms.[0m
[0;32mI (113245) hx711-example: Info: 14[0m
[0;32mI (113245) hx711-example: Medida: 0.065034 grms.[0m
[0;32mI (115065) hx711-example: Info: 14[0m
[0;32mI (115065) hx711-example: Medida: 0.065034 grms.[0m
[0;32mI (116875) hx711-example: Info: 20[0m
[0;32mI (116875) hx711-example: Medida: 0.092905 grms.[0m
[0;32mI (118685) hx711-example: Info: 20[0m
[0;32mI (118685) hx711-example: Medida: 0.092905 grms.[0m
time 3 hits 120032
[0;32mI (120505) hx711-example: Info: 20[0m
[0;32mI (120505) hx711-example: Medida: 0.092905 grms.[0m
[0;32mI (122315) hx711-example: Info: 18[0m
[0;32mI (122315) hx711-example: Medida: 0.083615 grms.[0m
[0;32mI (124135) hx711-example: Info: 23[0m
[0;32mI (124135) hx711-example: Medida: 0.106841 grms.[0m
[0;32mI (125945) hx711-example: Info: 20[0m
[0;32mI (125945) hx711-example: Medida: 0.092905 grms.[0m
[0;32mI (127765) hx711-example: Info: 23[0m
[0;32mI (127765) hx711-example: Medida: 0.106841 grms.[0m
[0;32mI (129575) hx711-example: Info: 27[0m
[0;32mI (129575) hx711-example: Medida: 0.125422 grms.[0m
