Lï¿½&ï¿½+
Bï¿½ï¿½Jï¿½ï¿½ï¿½ï¿½ ï¿½ets Jul 29 2019 12:21:46

rst:0x1 (POWERON_RESET),boot:0x13 (SPI_FAST_FLASH_BOOT)
configsip: 0, SPIWP:0xee
clk_drv:0x00,q_drv:0x00,d_drv:0x00,cs0_drv:0x00,hd_drv:0x00,wp_drv:0x00
mode:DIO, clock div:2
load:0x3fff0030,len:7176
load:0x40078000,len:15564
ho 0 tail 12 room 4
load:0x40080400,len:4
load:0x40080404,len:3904
entry 0x40080640
[0;32mI (31) boot: ESP-IDF v5.3 2nd stage bootloader[0m
[0;32mI (31) boot: compile time Jan 10 2025 12:37:12[0m
[0;32mI (31) boot: Multicore bootloader[0m
[0;32mI (35) boot: chip revision: v3.0[0m
[0;32mI (39) boot.esp32: SPI Speed      : 40MHz[0m
[0;32mI (44) boot.esp32: SPI Mode       : DIO[0m
[0;32mI (48) boot.esp32: SPI Flash Size : 2MB[0m
[0;32mI (53) boot: Enabling RNG early entropy source...[0m
[0;32mI (58) boot: Partition Table:[0m
[0;32mI (62) boot: ## Label            Usage          Type ST Offset   Length[0m
[0;32mI (69) boot:  0 nvs              WiFi data        01 02 00009000 00006000[0m
[0;32mI (76) boot:  1 phy_init         RF data          01 01 0000f000 00001000[0m
[0;32mI (84) boot:  2 factory          factory app      00 00 00010000 00100000[0m
[0;32mI (91) boot: End of partition table[0m
[0;32mI (96) esp_image: segment 0: paddr=00010020 vaddr=3f400020 size=0b2b4h ( 45748) map[0m
[0;32mI (120) esp_image: segment 1: paddr=0001b2dc vaddr=3ffb0000 size=02374h (  9076) load[0m
[0;32mI (123) esp_image: segment 2: paddr=0001d658 vaddr=40080000 size=029c0h ( 10688) load[0m
[0;32mI (130) esp_image: segment 3: paddr=00020020 vaddr=400d0020 size=17520h ( 95520) map[0m
[0;32mI (167) esp_image: segment 4: paddr=00037548 vaddr=400829c0 size=0a94ch ( 43340) load[0m
[0;32mI (191) boot: Loaded app from partition at offset 0x10000[0m
[0;32mI (191) boot: Disabling RNG early entropy source...[0m
[0;32mI (202) cpu_start: Multicore app[0m
[0;32mI (211) cpu_start: Pro cpu start user code[0m
[0;32mI (211) cpu_start: cpu freq: 160000000 Hz[0m
[0;32mI (212) app_init: Application information:[0m
[0;32mI (214) app_init: Project name:     DosificadorV2[0m
[0;32mI (220) app_init: App version:      f58d7d6-dirty[0m
[0;32mI (225) app_init: Compile time:     Jan 16 2025 16:22:36[0m
[0;32mI (231) app_init: ELF file SHA256:  ee72e98f4...[0m
[0;32mI (236) app_init: ESP-IDF:          v5.3[0m
[0;32mI (241) efuse_init: Min chip rev:     v0.0[0m
[0;32mI (246) efuse_init: Max chip rev:     v3.99 [0m
[0;32mI (251) efuse_init: Chip rev:         v3.0[0m
[0;32mI (256) heap_init: Initializing. RAM available for dynamic allocation:[0m
[0;32mI (263) heap_init: At 3FFAE6E0 len 00001920 (6 KiB): DRAM[0m
[0;32mI (269) heap_init: At 3FFB2DA0 len 0002D260 (180 KiB): DRAM[0m
[0;32mI (275) heap_init: At 3FFE0440 len 00003AE0 (14 KiB): D/IRAM[0m
[0;32mI (281) heap_init: At 3FFE4350 len 0001BCB0 (111 KiB): D/IRAM[0m
[0;32mI (288) heap_init: At 4008D30C len 00012CF4 (75 KiB): IRAM[0m
[0;32mI (296) spi_flash: detected chip: generic[0m
[0;32mI (299) spi_flash: flash io: dio[0m
[0;33mW (303) spi_flash: Detected size(4096k) larger than the size in the binary image header(2048k). Using the size in the binary image header.[0m
[0;32mI (316) main_task: Started on CPU0[0m
[0;32mI (326) main_task: Calling app_main()[0m
[0;32mI (326) gpio: GPIO[21]| InputEn: 1| OutputEn: 0| OpenDrain: 0| Pullup: 0| Pulldown: 0| Intr:0 [0m
[0;32mI (326) gpio: GPIO[22]| InputEn: 0| OutputEn: 1| OpenDrain: 0| Pullup: 0| Pulldown: 0| Intr:0 [0m
ESP_ERROR_CHECK failed: esp_err_t 0x107 (ESP_ERR_TIMEOUT) at 0x400d6444
file: "./components/hx711_comp/hx711_comp.c" line 18
func: tarar_bascula
expression: hx711_init(&hx711)

abort() was called at PC 0x400856c3 on core 0


Backtrace: 0x40081886:0x3ffb3f50 0x400856cd:0x3ffb3f70 0x4008bbe5:0x3ffb3f90 0x400856c3:0x3ffb4000 0x400d6444:0x3ffb4030 0x400d6367:0x3ffb4070 0x400e6cd8:0x3ffb4090 0x4008615d:0x3ffb40c0




ELF file SHA256: ee72e98f4

Rebooting...
ets Jul 29 2019 12:21:46

rst:0xc (SW_CPU_RESET),boot:0x13 (SPI_FAST_FLASH_BOOT)
configsip: 0, SPIWP:0xee
clk_drv:0x00,q_drv:0x00,d_drv:0x00,cs0_drv:0x00,hd_drv:0x00,wp_drv:0x00
mode:DIO, clock div:2
load:0x3fff0030,len:7176
load:0x40078000,len:15564
ho 0 tail 12 room 4
load:0x40080400,len:4
load:0x40080404,len:3904
entry 0x40080640
[0;32mI (31) boot: ESP-IDF v5.3 2nd stage bootloader[0m
[0;32mI (31) boot: compile time Jan 10 2025 12:37:12[0m
[0;32mI (31) boot: Multicore bootloader[0m
[0;32mI (35) boot: chip revision: v3.0[0m
[0;32mI (39) boot.esp32: SPI Speed      : 40MHz[0m
[0;32mI (44) boot.esp32: SPI Mode       : DIO[0m
[0;32mI (48) boot.esp32: SPI Flash Size : 2MB[0m
[0;32mI (53) boot: Enabling RNG early entropy source...[0m
[0;32mI (58) boot: Partition Table:[0m
[0;32mI (62) boot: ## Label            Usage          Type ST Offset   Length[0m
[0;32mI (69) boot:  0 nvs              WiFi data        01 02 00009000 00006000[0m
[0;32mI (76) boot:  1 phy_init         RF data          01 01 0000f000 00001000[0m
[0;32mI (84) boot:  2 factory          factory app      00 00 00010000 00100000[0m
[0;32mI (91) boot: End of partition table[0m
[0;32mI (96) esp_image: segment 0: paddr=00010020 vaddr=3f400020 size=0b2b4h ( 45748) map[0m
[0;32mI (120) esp_image: segment 1: paddr=0001b2dc vaddr=3ffb0000 size=02374h (  9076) load[0m
[0;32mI (123) esp_image: segment 2: paddr=0001d658 vaddr=40080000 size=029c0h ( 10688) load[0m
[0;32mI (130) esp_image: segment 3: paddr=00020020 vaddr=400d0020 size=17520h ( 95520) map[0m
[0;32mI (167) esp_image: segment 4: paddr=00037548 vaddr=400829c0 size=0a94ch ( 43340) load[0m
[0;32mI (191) boot: Loaded app from partition at offset 0x10000[0m
[0;32mI (191) boot: Disabling RNG early entropy source...[0m
[0;32mI (202) cpu_start: Multicore app[0m
[0;32mI (211) cpu_start: Pro cpu start user code[0m
[0;32mI (211) cpu_start: cpu freq: 160000000 Hz[0m
[0;32mI (211) app_init: Application information:[0m
[0;32mI (214) app_init: Project name:     DosificadorV2[0m
[0;32mI (220) app_init: App version:      f58d7d6-dirty[0m
[0;32mI (225) app_init: Compile time:     Jan 16 2025 16:22:36[0m
[0;32mI (231) app_init: ELF file SHA256:  ee72e98f4...[0m
[0;32mI (236) app_init: ESP-IDF:          v5.3[0m
[0;32mI (241) efuse_init: Min chip rev:     v0.0[0m
[0;32mI (246) efuse_init: Max chip rev:     v3.99 [0m
[0;32mI (251) efuse_init: Chip rev:         v3.0[0m
[0;32mI (256) heap_init: Initializing. RAM available for dynamic allocation:[0m
[0;32mI (263) heap_init: At 3FFAE6E0 len 00001920 (6 KiB): DRAM[0m
[0;32mI (269) heap_init: At 3FFB2DA0 len 0002D260 (180 KiB): DRAM[0m
[0;32mI (275) heap_init: At 3FFE0440 len 00003AE0 (14 KiB): D/IRAM[0m
[0;32mI (281) heap_init: At 3FFE4350 len 0001BCB0 (111 KiB): D/IRAM[0m
[0;32mI (288) heap_init: At 4008D30C len 00012CF4 (75 KiB): IRAM[0m
[0;32mI (296) spi_flash: detected chip: generic[0m
[0;32mI (299) spi_flash: flash io: dio[0m
[0;33mW (303) spi_flash: Detected size(4096k) larger than the size in the binary image header(2048k). Using the size in the binary image header.[0m
[0;32mI (316) main_task: Started on CPU0[0m
[0;32mI (326) main_task: Calling app_main()[0m
[0;32mI (326) gpio: GPIO[21]| InputEn: 1| OutputEn: 0| OpenDrain: 0| Pullup: 0| Pulldown: 0| Intr:0 [0m
[0;32mI (326) gpio: GPIO[22]| InputEn: 0| OutputEn: 1| OpenDrain: 0| Pullup: 0| Pulldown: 0| Intr:0 [0m
[0;32mI (346) hx711-example: Tarando...[0m
[0;32mI (45656) hx711-example: Tareo listo... -253040[0m
[0;33mW (45756) mcpwm: adjust timer resolution to 1311475Hz[0m
[0;32mI (45756) SERVO: Connect timer and operator[0m
[0;32mI (45756) SERVO: Create comparator and generator from the operator[0m
[0;32mI (45756) gpio: GPIO[4]| InputEn: 0| OutputEn: 1| OpenDrain: 0| Pullup: 0| Pulldown: 0| Intr:0 [0m
[0;32mI (45766) SERVO: Set generator action on timer and compare event[0m
[0;32mI (45776) SERVO: Enable and start timer[0m
[0;32mI (45776) gpio: GPIO[25]| InputEn: 0| OutputEn: 1| OpenDrain: 0| Pullup: 0| Pulldown: 0| Intr:0 [0m
[0;32mI (45786) gpio: GPIO[26]| InputEn: 0| OutputEn: 1| OpenDrain: 0| Pullup: 0| Pulldown: 0| Intr:0 [0m
[0;32mI (45796) gpio: GPIO[27]| InputEn: 0| OutputEn: 1| OpenDrain: 0| Pullup: 0| Pulldown: 0| Intr:0 [0m
[0;32mI (45806) motorDC: Motor DC initialized[0m
[0;32mI (58256) hx711-example: Info: 10[0m
[0;32mI (58256) hx711-example: Medida: 0.046453 grms.[0m
Medicion de bascula 0.046453
[0;32mI (70856) hx711-example: Info: 2[0m
[0;32mI (70856) hx711-example: Medida: 0.009291 grms.[0m
Medicion de bascula 0.009291
time 3 hits 75462
[0;32mI (83456) hx711-example: Info: 22[0m
[0;32mI (83456) hx711-example: Medida: 0.102196 grms.[0m
Medicion de bascula 0.102196
[0;31mE (94986) hx711-example: Could not read data: 263 (ESP_ERR_TIMEOUT)
[0m
Medicion de bascula 0.000000
time 3 hits 105462
[0;32mI (107476) hx711-example: Info: 11[0m
[0;32mI (107476) hx711-example: Medida: 0.051098 grms.[0m
Medicion de bascula 0.051098
[0;32mI (120076) hx711-example: Info: 22[0m
[0;32mI (120076) hx711-example: Medida: 0.102196 grms.[0m
Medicion de bascula 0.102196
[0;32mI (132676) hx711-example: Info: 10297[0m
[0;32mI (132676) hx711-example: Medida: 47.832333 grms.[0m
Medicion de bascula 47.832333
time 3 hits 135462
[0;32mI (145276) hx711-example: Info: 19961[0m
[0;32mI (145276) hx711-example: Medida: 92.724205 grms.[0m
Medicion de bascula 92.724205
[0;32mI (157876) hx711-example: Info: 24307[0m
[0;32mI (157876) hx711-example: Medida: 112.912544 grms.[0m
Medicion de bascula 112.912544
time 3 hits 165462
[0;32mI (170466) hx711-example: Info: 24305[0m
[0;32mI (170466) hx711-example: Medida: 112.903259 grms.[0m
Medicion de bascula 112.903259
[0;32mI (183066) hx711-example: Info: 24334[0m
[0;32mI (183066) hx711-example: Medida: 113.037971 grms.[0m
Medicion de bascula 113.037971
[0;32mI (195666) hx711-example: Info: 24335[0m
[0;32mI (195666) hx711-example: Medida: 113.042610 grms.[0m
time 3 hits 195462
Medicion de bascula 113.042610
[0;32mI (208266) hx711-example: Info: 28271[0m
[0;32mI (208266) hx711-example: Medida: 131.326385 grms.[0m
Medicion de bascula 131.326385
[0;32mI (220866) hx711-example: Info: 29316[0m
[0;32mI (220866) hx711-example: Medida: 136.180695 grms.[0m
Medicion de bascula 136.180695
time 3 hits 225462
[0;32mI (233466) hx711-example: Info: 29509[0m
[0;32mI (233466) hx711-example: Medida: 137.077240 grms.[0m
Medicion de bascula 137.077240
[0;32mI (246066) hx711-example: Info: 29528[0m
[0;32mI (246066) hx711-example: Medida: 137.165497 grms.[0m
Medicion de bascula 137.165497
time 3 hits 255462
[0;32mI (258666) hx711-example: Info: 29537[0m
[0;32mI (258666) hx711-example: Medida: 137.207306 grms.[0m
Medicion de bascula 137.207306
[0;32mI (271266) hx711-example: Info: 32933[0m
[0;32mI (271266) hx711-example: Medida: 152.982635 grms.[0m
Medicion de bascula 152.982635
[0;32mI (271866) main_task: Returned from app_main()[0m
time 3 hits 285462
time 3 hits 315462
time 3 hits 345462
time 3 hits 375462
time 3 hits 405462
time 3 hits 435462
time 3 hits 465462
time 3 hits 495462
time 3 hits 525462
time 3 hits 555462
time 3 hits 585462
time 3 hits 615462
time 3 hits 645462
ets Jul 29 2019 12:21:46

rst:0x1 (POWERON_RESET),boot:0x13 (SPI_FAST_FLASH_BOOT)
configsip: 0, SPIWP:0xee
clk_drv:0x00,q_drv:0x00,d_drv:0x00,cs0_drv:0x00,hd_drv:0x00,wp_drv:0x00
mode:DIO, clock div:2
load:0x3fff0030,len:7176
load:0x40078000,len:15564
ho 0 tail 12 room 4
load:0x40080400,len:4
load:0x40080404,len:3904
entry 0x40080640
[0;32mI (31) boot: ESP-IDF v5.3 2nd stage bootloader[0m
[0;32mI (31) boot: compile time Jan 10 2025 12:37:12[0m
[0;32mI (31) boot: Multicore bootloader[0m
[0;32mI (35) boot: chip revision: v3.0[0m
[0;32mI (39) boot.esp32: SPI Speed      : 40MHz[0m
[0;32mI (44) boot.esp32: SPI Mode       : DIO[0m
[0;32mI (48) boot.esp32: SPI Flash Size : 2MB[0m
[0;32mI (53) boot: Enabling RNG early entropy source...[0m
[0;32mI (58) boot: Partition Table:[0m
[0;32mI (62) boot: ## Label            Usage          Type ST Offset   Length[0m
[0;32mI (69) boot:  0 nvs              WiFi data        01 02 00009000 00006000[0m
[0;32mI (76) boot:  1 phy_init         RF data          01 01 0000f000 00001000[0m
[0;32mI (84) boot:  2 factory          factory app      00 00 00010000 00100000[0m
[0;32mI (91) boot: End of partition table[0m
[0;32mI (96) esp_image: segment 0: paddr=00010020 vaddr=3f400020 size=0b2b4h ( 45748) map[0m
[0;32mI (120) esp_image: segment 1: paddr=0001b2dc vaddr=3ffb0000 size=02374h (  9076) load[0m
[0;32mI (123) esp_image: segment 2: paddr=0001d658 vaddr=40080000 size=029c0h ( 10688) load[0m
[0;32mI (130) esp_image: segment 3: paddr=00020020 vaddr=400d0020 size=17520h ( 95520) map[0m
[0;32mI (167) esp_image: segment 4: paddr=00037548 vaddr=400829c0 size=0a94ch ( 43340) load[0m
[0;32mI (191) boot: Loaded app from partition at offset 0x10000[0m
[0;32mI (191) boot: Disabling RNG early entropy source...[0m
[0;32mI (202) cpu_start: Multicore app[0m
[0;32mI (211) cpu_start: Pro cpu start user code[0m
[0;32mI (211) cpu_start: cpu freq: 160000000 Hz[0m
[0;32mI (212) app_init: Application information:[0m
[0;32mI (214) app_init: Project name:     DosificadorV2[0m
[0;32mI (220) app_init: App version:      f58d7d6-dirty[0m
[0;32mI (225) app_init: Compile time:     Jan 16 2025 16:22:36[0m
[0;32mI (231) app_init: ELF file SHA256:  ee72e98f4...[0m
[0;32mI (236) app_init: ESP-IDF:          v5.3[0m
[0;32mI (241) efuse_init: Min chip rev:     v0.0[0m
[0;32mI (246) efuse_init: Max chip rev:     v3.99 [0m
[0;32mI (251) efuse_init: Chip rev:         v3.0[0m
[0;32mI (256) heap_init: Initializing. RAM available for dynamic allocation:[0m
[0;32mI (263) heap_init: At 3FFAE6E0 len 00001920 (6 KiB): DRAM[0m
[0;32mI (269) heap_init: At 3FFB2DA0 len 0002D260 (180 KiB): DRAM[0m
[0;32mI (275) heap_init: At 3FFE0440 len 00003AE0 (14 KiB): D/IRAM[0m
[0;32mI (281) heap_init: At 3FFE4350 len 0001BCB0 (111 KiB): D/IRAM[0m
[0;32mI (288) heap_init: At 4008D30C len 00012CF4 (75 KiB): IRAM[0m
[0;32mI (296) spi_flash: detected chip: generic[0m
[0;32mI (299) spi_flash: flash io: dio[0m
[0;33mW (303) spi_flash: Detected size(4096k) larger than the size in the binary image header(2048k). Using the size in the binary image header.[0m
[0;32mI (316) main_task: Started on CPU0[0m
[0;32mI (326) main_task: Calling app_main()[0m
[0;32mI (326) gpio: GPIO[21]| InputEn: 1| OutputEn: 0| OpenDrain: 0| Pullup: 0| Pulldown: 0| Intr:0 [0m
[0;32mI (326) gpio: GPIO[22]| InputEn: 0| OutputEn: 1| OpenDrain: 0| Pullup: 0| Pulldown: 0| Intr:0 [0m
ESP_ERROR_CHECK failed: esp_err_t 0x107 (ESP_ERR_TIMEOUT) at 0x400d6444
file: "./components/hx711_comp/hx711_comp.c" line 18
func: tarar_bascula
expression: hx711_init(&hx711)

abort() was called at PC 0x400856c3 on core 0


Backtrace: 0x40081886:0x3ffb3f50 0x400856cd:0x3ffb3f70 0x4008bbe5:0x3ffb3f90 0x400856c3:0x3ffb4000 0x400d6444:0x3ffb4030 0x400d6367:0x3ffb4070 0x400e6cd8:0x3ffb4090 0x4008615d:0x3ffb40c0




ELF file SHA256: ee72e98f4

Rebooting...
ets Jul 29 2019 12:21:46

rst:0xc (SW_CPU_RESET),boot:0x13 (SPI_FAST_FLASH_BOOT)
configsip: 0, SPIWP:0xee
clk_drv:0x00,q_drv:0x00,d_drv:0x00,cs0_drv:0x00,hd_drv:0x00,wp_drv:0x00
mode:DIO, clock div:2
load:0x3fff0030,len:7176
load:0x40078000,len:15564
ho 0 tail 12 room 4
load:0x40080400,len:4
load:0x40080404,len:3904
entry 0x40080640
[0;32mI (31) boot: ESP-IDF v5.3 2nd stage bootloader[0m
[0;32mI (31) boot: compile time Jan 10 2025 12:37:12[0m
[0;32mI (31) boot: Multicore bootloader[0m
[0;32mI (35) boot: chip revision: v3.0[0m
[0;32mI (39) boot.esp32: SPI Speed      : 40MHz[0m
[0;32mI (44) boot.esp32: SPI Mode       : DIO[0m
[0;32mI (48) boot.esp32: SPI Flash Size : 2MB[0m
[0;32mI (53) boot: Enabling RNG early entropy source...[0m
[0;32mI (58) boot: Partition Table:[0m
[0;32mI (62) boot: ## Label            Usage          Type ST Offset   Length[0m
[0;32mI (69) boot:  0 nvs              WiFi data        01 02 00009000 00006000[0m
[0;32mI (76) boot:  1 phy_init         RF data          01 01 0000f000 00001000[0m
[0;32mI (84) boot:  2 factory          factory app      00 00 00010000 00100000[0m
[0;32mI (91) boot: End of partition table[0m
[0;32mI (96) esp_image: segment 0: paddr=00010020 vaddr=3f400020 size=0b2b4h ( 45748) map[0m
[0;32mI (120) esp_image: segment 1: paddr=0001b2dc vaddr=3ffb0000 size=02374h (  9076) load[0m
[0;32mI (123) esp_image: segment 2: paddr=0001d658 vaddr=40080000 size=029c0h ( 10688) load[0m
[0;32mI (130) esp_image: segment 3: paddr=00020020 vaddr=400d0020 size=17520h ( 95520) map[0m
[0;32mI (167) esp_image: segment 4: paddr=00037548 vaddr=400829c0 size=0a94ch ( 43340) load[0m
[0;32mI (191) boot: Loaded app from partition at offset 0x10000[0m
[0;32mI (191) boot: Disabling RNG early entropy source...[0m
[0;32mI (202) cpu_start: Multicore app[0m
[0;32mI (211) cpu_start: Pro cpu start user code[0m
[0;32mI (211) cpu_start: cpu freq: 160000000 Hz[0m
[0;32mI (211) app_init: Application information:[0m
[0;32mI (214) app_init: Project name:     DosificadorV2[0m
[0;32mI (220) app_init: App version:      f58d7d6-dirty[0m
[0;32mI (225) app_init: Compile time:     Jan 16 2025 16:22:36[0m
[0;32mI (231) app_init: ELF file SHA256:  ee72e98f4...[0m
[0;32mI (236) app_init: ESP-IDF:          v5.3[0m
[0;32mI (241) efuse_init: Min chip rev:     v0.0[0m
[0;32mI (246) efuse_init: Max chip rev:     v3.99 [0m
[0;32mI (251) efuse_init: Chip rev:         v3.0[0m
[0;32mI (256) heap_init: Initializing. RAM available for dynamic allocation:[0m
[0;32mI (263) heap_init: At 3FFAE6E0 len 00001920 (6 KiB): DRAM[0m
[0;32mI (269) heap_init: At 3FFB2DA0 len 0002D260 (180 KiB): DRAM[0m
[0;32mI (275) heap_init: At 3FFE0440 len 00003AE0 (14 KiB): D/IRAM[0m
[0;32mI (281) heap_init: At 3FFE4350 len 0001BCB0 (111 KiB): D/IRAM[0m
[0;32mI (288) heap_init: At 4008D30C len 00012CF4 (75 KiB): IRAM[0m
[0;32mI (296) spi_flash: detected chip: generic[0m
[0;32mI (299) spi_flash: flash io: dio[0m
[0;33mW (303) spi_flash: Detected size(4096k) larger than the size in the binary image header(2048k). Using the size in the binary image header.[0m
[0;32mI (316) main_task: Started on CPU0[0m
[0;32mI (326) main_task: Calling app_main()[0m
[0;32mI (326) gpio: GPIO[21]| InputEn: 1| OutputEn: 0| OpenDrain: 0| Pullup: 0| Pulldown: 0| Intr:0 [0m
[0;32mI (326) gpio: GPIO[22]| InputEn: 0| OutputEn: 1| OpenDrain: 0| Pullup: 0| Pulldown: 0| Intr:0 [0m
[0;32mI (346) hx711-example: Tarando...[0m
[0;31mE (40796) hx711-example: Could not read data: 263 (ESP_ERR_TIMEOUT)
[0m
[0;31mE (41286) hx711-example: Could not read data: 263 (ESP_ERR_TIMEOUT)
[0m
[0;32mI (86826) hx711-example: Tareo listo... -253065[0m
[0;33mW (86926) mcpwm: adjust timer resolution to 1311475Hz[0m
[0;32mI (86926) SERVO: Connect timer and operator[0m
[0;32mI (86926) SERVO: Create comparator and generator from the operator[0m
[0;32mI (86926) gpio: GPIO[4]| InputEn: 0| OutputEn: 1| OpenDrain: 0| Pullup: 0| Pulldown: 0| Intr:0 [0m
[0;32mI (86936) SERVO: Set generator action on timer and compare event[0m
[0;32mI (86946) SERVO: Enable and start timer[0m
[0;32mI (86946) gpio: GPIO[25]| InputEn: 0| OutputEn: 1| OpenDrain: 0| Pullup: 0| Pulldown: 0| Intr:0 [0m
[0;32mI (86956) gpio: GPIO[26]| InputEn: 0| OutputEn: 1| OpenDrain: 0| Pullup: 0| Pulldown: 0| Intr:0 [0m
[0;32mI (86966) gpio: GPIO[27]| InputEn: 0| OutputEn: 1| OpenDrain: 0| Pullup: 0| Pulldown: 0| Intr:0 [0m
[0;32mI (86976) motorDC: Motor DC initialized[0m
[0;32mI (99436) hx711-example: Info: 3711[0m
[0;32mI (99436) hx711-example: Medida: 17.238592 grms.[0m
Medicion de bascula 17.238592
[0;32mI (112036) hx711-example: Info: 7320[0m
[0;32mI (112036) hx711-example: Medida: 34.003368 grms.[0m
Medicion de bascula 34.003368
time 3 hits 116632
[0;32mI (124636) hx711-example: Info: 9640[0m
[0;32mI (124636) hx711-example: Medida: 44.780392 grms.[0m
Medicion de bascula 44.780392
[0;32mI (137246) hx711-example: Info: 11172[0m
[0;32mI (137246) hx711-example: Medida: 51.896942 grms.[0m
Medicion de bascula 51.896942
time 3 hits 146632
[0;32mI (149846) hx711-example: Info: 11694[0m
[0;32mI (149846) hx711-example: Medida: 54.321774 grms.[0m
Medicion de bascula 54.321774
[0;32mI (162456) hx711-example: Info: 11702[0m
[0;32mI (162456) hx711-example: Medida: 54.358932 grms.[0m
Medicion de bascula 54.358932
[0;32mI (175056) hx711-example: Info: 15827[0m
[0;32mI (175056) hx711-example: Medida: 73.520668 grms.[0m
Medicion de bascula 73.520668
time 3 hits 176632
[0;32mI (187656) hx711-example: Info: 19331[0m
[0;32mI (187656) hx711-example: Medida: 89.797691 grms.[0m
Medicion de bascula 89.797691
[0;32mI (200266) hx711-example: Info: 23179[0m
[0;32mI (200266) hx711-example: Medida: 107.672684 grms.[0m
Medicion de bascula 107.672684
time 3 hits 206632
[0;32mI (212866) hx711-example: Info: 24470[0m
[0;32mI (212866) hx711-example: Medida: 113.669724 grms.[0m
Medicion de bascula 113.669724
[0;32mI (225476) hx711-example: Info: 24915[0m
[0;32mI (225476) hx711-example: Medida: 115.736870 grms.[0m
Medicion de bascula 115.736870
time 3 hits 236632
[0;32mI (238076) hx711-example: Info: 28803[0m
[0;32mI (238076) hx711-example: Medida: 133.797668 grms.[0m
Medicion de bascula 133.797668
[0;32mI (250686) hx711-example: Info: 30071[0m
[0;32mI (250686) hx711-example: Medida: 139.687881 grms.[0m
Medicion de bascula 139.687881
[0;32mI (263286) hx711-example: Info: 34210[0m
[0;32mI (263286) hx711-example: Medida: 158.914642 grms.[0m
Medicion de bascula 158.914642
[0;32mI (263886) main_task: Returned from app_main()[0m
time 3 hits 266632
time 3 hits 296632
time 3 hits 326632
time 3 hits 356632
time 3 hits 386632
time 3 hits 416632
