Úšï¿½j%ï¿½(35) boot:ï¿½ets Jul 29 2019 12:21:46

rst:0x1 (POWERON_RESET),boot:0x13 (SPI_FAST_FLASH_BOOT)
configsip: 0, SPIWP:0xee
clk_drv:0x00,q_drv:0x00,d_drv:0x00,cs0_drv:0x00,hd_drv:0x00,wp_drv:0x00
mode:DIO, clock div:2
load:0x3fff0030,len:7176
load:0x40078000,len:15564
ho 0 tail 12 room 4
load:0x40080400,len:4
load:0x40080404,len:3904
entry 0x40080640
[0;32mI (31) boot: ESP-IDF v5.3 2nd stage bootloader[0m
[0;32mI (31) boot: compile time Feb 10 2025 19:06:31[0m
[0;32mI (31) boot: Multicore bootloader[0m
[0;32mI (35) boot: chip revision: v3.0[0m
[0;32mI (39) boot.esp32: SPI Speed      : 40MHz[0m
[0;32mI (44) boot.esp32: SPI Mode       : DIO[0m
[0;32mI (48) boot.esp32: SPI Flash Size : 2MB[0m
[0;32mI (53) boot: Enabling RNG early entropy source...[0m
[0;32mI (58) boot: Partition Table:[0m
[0;32mI (62) boot: ## Label            Usage          Type ST Offset   Length[0m
[0;32mI (69) boot:  0 nvs              WiFi data        01 02 00009000 00006000[0m
[0;32mI (76) boot:  1 phy_init         RF data          01 01 0000f000 00001000[0m
[0;32mI (84) boot:  2 factory          factory app      00 00 00010000 00100000[0m
[0;32mI (91) boot: End of partition table[0m
[0;32mI (96) esp_image: segment 0: paddr=00010020 vaddr=3f400020 size=254cch (152780) map[0m
[0;32mI (156) esp_image: segment 1: paddr=000354f4 vaddr=3ffb0000 size=03e48h ( 15944) load[0m
[0;32mI (163) esp_image: segment 2: paddr=00039344 vaddr=40080000 size=06cd4h ( 27860) load[0m
[0;32mI (174) esp_image: segment 3: paddr=00040020 vaddr=400d0020 size=9e8a8h (649384) map[0m
[0;32mI (397) esp_image: segment 4: paddr=000de8d0 vaddr=40086cd4 size=1051ch ( 66844) load[0m
[0;32mI (435) boot: Loaded app from partition at offset 0x10000[0m
[0;32mI (435) boot: Disabling RNG early entropy source...[0m
[0;32mI (446) cpu_start: Multicore app[0m
[0;32mI (455) cpu_start: Pro cpu start user code[0m
[0;32mI (455) cpu_start: cpu freq: 160000000 Hz[0m
[0;32mI (455) app_init: Application information:[0m
[0;32mI (458) app_init: Project name:     DosificadorV2[0m
[0;32mI (463) app_init: App version:      06b004c-dirty[0m
[0;32mI (469) app_init: Compile time:     Feb 11 2025 10:22:19[0m
[0;32mI (475) app_init: ELF file SHA256:  32b4521be...[0m
[0;32mI (480) app_init: ESP-IDF:          v5.3[0m
[0;32mI (485) efuse_init: Min chip rev:     v0.0[0m
[0;32mI (489) efuse_init: Max chip rev:     v3.99 [0m
[0;32mI (494) efuse_init: Chip rev:         v3.0[0m
[0;32mI (499) heap_init: Initializing. RAM available for dynamic allocation:[0m
[0;32mI (507) heap_init: At 3FFAE6E0 len 00001920 (6 KiB): DRAM[0m
[0;32mI (512) heap_init: At 3FFB8668 len 00027998 (158 KiB): DRAM[0m
[0;32mI (519) heap_init: At 3FFE0440 len 00003AE0 (14 KiB): D/IRAM[0m
[0;32mI (525) heap_init: At 3FFE4350 len 0001BCB0 (111 KiB): D/IRAM[0m
[0;32mI (531) heap_init: At 400971F0 len 00008E10 (35 KiB): IRAM[0m
[0;32mI (539) spi_flash: detected chip: generic[0m
[0;32mI (542) spi_flash: flash io: dio[0m
[0;33mW (546) spi_flash: Detected size(4096k) larger than the size in the binary image header(2048k). Using the size in the binary image header.[0m
[0;32mI (560) main_task: Started on CPU0[0m
[0;32mI (570) main_task: Calling app_main()[0m
I (590) wifi:wifi driver task: 3ffc023c, prio:23, stack:6656, core=0
I (590) wifi:wifi firmware version: 0caa81945
I (590) wifi:wifi certification version: v7.0
I (590) wifi:config NVS flash: enabled
I (590) wifi:config nano formating: disabled
I (600) wifi:Init data frame dynamic rx buffer num: 32
I (600) wifi:Init static rx mgmt buffer num: 5
I (610) wifi:Init management short buffer num: 32
I (610) wifi:Init dynamic tx buffer num: 32
I (610) wifi:Init static rx buffer size: 1600
I (620) wifi:Init static rx buffer num: 10
I (620) wifi:Init dynamic rx buffer num: 32
[0;32mI (630) wifi_init: rx ba win: 6[0m
[0;32mI (630) wifi_init: accept mbox: 6[0m
[0;32mI (630) wifi_init: tcpip mbox: 32[0m
[0;32mI (640) wifi_init: udp mbox: 6[0m
[0;32mI (640) wifi_init: tcp mbox: 6[0m
[0;32mI (640) wifi_init: tcp tx win: 5760[0m
[0;32mI (650) wifi_init: tcp rx win: 5760[0m
[0;32mI (650) wifi_init: tcp mss: 1440[0m
[0;32mI (660) wifi_init: WiFi IRAM OP enabled[0m
[0;32mI (660) wifi_init: WiFi RX IRAM OP enabled[0m
[0;32mI (670) phy_init: phy_version 4830,54550f7,Jun 20 2024,14:22:08[0m
[0;33mW (750) phy_init: saving new calibration data because of checksum failure, mode(0)[0m
I (830) wifi:mode : sta (e0:5a:1b:77:7a:b0)
I (830) wifi:enable tsf
[0;32mI (830) WIFI CONNECT: WIFI_EVENT_STA_START[0m
I (2340) wifi:new:<11,0>, old:<1,0>, ap:<255,255>, sta:<11,0>, prof:1, snd_ch_cfg:0x0
I (2340) wifi:state: init -> auth (0xb0)
I (3340) wifi:state: auth -> init (0x200)
I (3340) wifi:new:<11,0>, old:<11,0>, ap:<255,255>, sta:<11,0>, prof:1, snd_ch_cfg:0x0
[0;33mW (3340) WIFI CONNECT: DISCONNECTED 2: WIFI_REASON_AUTH_EXPIRE[0m
[0;33mW (10760) WIFI CONNECT: DISCONNECTED 205: WIFI_REASON_CONNECTION_FAIL[0m
ESP_ERROR_CHECK failed: esp_err_t 0xffffffff (ESP_FAIL) at 0x400d7614
file: "./main/main.c" line 103
func: app_main
expression: wifi_connect_sta("TT-535555", "raizProyecto01", 10000)

abort() was called at PC 0x400893a3 on core 0


Backtrace: 0x40081a42:0x3ffba840 0x400893ad:0x3ffba860 0x40091009:0x3ffba880 0x400893a3:0x3ffba8f0 0x400d7614:0x3ffba920 0x4016c8d7:0x3ffba960 0x40089eb9:0x3ffba990




ELF file SHA256: 32b4521be

Rebooting...
ets Jul 29 2019 12:21:46

rst:0xc (SW_CPU_RESET),boot:0x13 (SPI_FAST_FLASH_BOOT)
configsip: 0, SPIWP:0xee
clk_drv:0x00,q_drv:0x00,d_drv:0x00,cs0_drv:0x00,hd_drv:0x00,wp_drv:0x00
mode:DIO, clock div:2
load:0x3fff0030,len:7176
load:0x40078000,len:15564
ho 0 tail 12 room 4
load:0x40080400,len:4
load:0x40080404,len:3904
entry 0x40080640
[0;32mI (31) boot: ESP-IDF v5.3 2nd stage bootloader[0m
[0;32mI (31) boot: compile time Feb 10 2025 19:06:31[0m
[0;32mI (31) boot: Multicore bootloader[0m
[0;32mI (35) boot: chip revision: v3.0[0m
[0;32mI (39) boot.esp32: SPI Speed      : 40MHz[0m
[0;32mI (44) boot.esp32: SPI Mode       : DIO[0m
[0;32mI (48) boot.esp32: SPI Flash Size : 2MB[0m
[0;32mI (53) boot: Enabling RNG early entropy source...[0m
[0;32mI (58) boot: Partition Table:[0m
[0;32mI (62) boot: ## Label            Usage          Type ST Offset   Length[0m
[0;32mI (69) boot:  0 nvs              WiFi data        01 02 00009000 00006000[0m
[0;32mI (76) boot:  1 phy_init         RF data          01 01 0000f000 00001000[0m
[0;32mI (84) boot:  2 factory          factory app      00 00 00010000 00100000[0m
[0;32mI (91) boot: End of partition table[0m
[0;32mI (96) esp_image: segment 0: paddr=00010020 vaddr=3f400020 size=254cch (152780) map[0m
[0;32mI (156) esp_image: segment 1: paddr=000354f4 vaddr=3ffb0000 size=03e48h ( 15944) load[0m
[0;32mI (163) esp_image: segment 2: paddr=00039344 vaddr=40080000 size=06cd4h ( 27860) load[0m
[0;32mI (174) esp_image: segment 3: paddr=00040020 vaddr=400d0020 size=9e8a8h (649384) map[0m
[0;32mI (396) esp_image: segment 4: paddr=000de8d0 vaddr=40086cd4 size=1051ch ( 66844) load[0m
[0;32mI (434) boot: Loaded app from partition at offset 0x10000[0m
[0;32mI (435) boot: Disabling RNG early entropy source...[0m
[0;32mI (446) cpu_start: Multicore app[0m
[0;32mI (455) cpu_start: Pro cpu start user code[0m
[0;32mI (455) cpu_start: cpu freq: 160000000 Hz[0m
[0;32mI (455) app_init: Application information:[0m
[0;32mI (458) app_init: Project name:     DosificadorV2[0m
[0;32mI (463) app_init: App version:      06b004c-dirty[0m
[0;32mI (469) app_init: Compile time:     Feb 11 2025 10:22:19[0m
[0;32mI (475) app_init: ELF file SHA256:  32b4521be...[0m
[0;32mI (480) app_init: ESP-IDF:          v5.3[0m
[0;32mI (485) efuse_init: Min chip rev:     v0.0[0m
[0;32mI (489) efuse_init: Max chip rev:     v3.99 [0m
[0;32mI (494) efuse_init: Chip rev:         v3.0[0m
[0;32mI (499) heap_init: Initializing. RAM available for dynamic allocation:[0m
[0;32mI (506) heap_init: At 3FFAE6E0 len 00001920 (6 KiB): DRAM[0m
[0;32mI (512) heap_init: At 3FFB8668 len 00027998 (158 KiB): DRAM[0m
[0;32mI (519) heap_init: At 3FFE0440 len 00003AE0 (14 KiB): D/IRAM[0m
[0;32mI (525) heap_init: At 3FFE4350 len 0001BCB0 (111 KiB): D/IRAM[0m
[0;32mI (531) heap_init: At 400971F0 len 00008E10 (35 KiB): IRAM[0m
[0;32mI (539) spi_flash: detected chip: generic[0m
[0;32mI (542) spi_flash: flash io: dio[0m
[0;33mW (546) spi_flash: Detected size(4096k) larger than the size in the binary image header(2048k). Using the size in the binary image header.[0m
[0;32mI (560) main_task: Started on CPU0[0m
[0;32mI (570) main_task: Calling app_main()[0m
I (590) wifi:wifi driver task: 3ffc02c0, prio:23, stack:6656, core=0
I (590) wifi:wifi firmware version: 0caa81945
I (590) wifi:wifi certification version: v7.0
I (590) wifi:config NVS flash: enabled
I (590) wifi:config nano formating: disabled
I (600) wifi:Init data frame dynamic rx buffer num: 32
I (600) wifi:Init static rx mgmt buffer num: 5
I (610) wifi:Init management short buffer num: 32
I (610) wifi:Init dynamic tx buffer num: 32
I (610) wifi:Init static rx buffer size: 1600
I (620) wifi:Init static rx buffer num: 10
I (620) wifi:Init dynamic rx buffer num: 32
[0;32mI (630) wifi_init: rx ba win: 6[0m
[0;32mI (630) wifi_init: accept mbox: 6[0m
[0;32mI (630) wifi_init: tcpip mbox: 32[0m
[0;32mI (640) wifi_init: udp mbox: 6[0m
[0;32mI (640) wifi_init: tcp mbox: 6[0m
[0;32mI (640) wifi_init: tcp tx win: 5760[0m
[0;32mI (650) wifi_init: tcp rx win: 5760[0m
[0;32mI (650) wifi_init: tcp mss: 1440[0m
[0;32mI (660) wifi_init: WiFi IRAM OP enabled[0m
[0;32mI (660) wifi_init: WiFi RX IRAM OP enabled[0m
[0;32mI (670) phy_init: phy_version 4830,54550f7,Jun 20 2024,14:22:08[0m
I (760) wifi:mode : sta (e0:5a:1b:77:7a:b0)
I (760) wifi:enable tsf
[0;32mI (760) WIFI CONNECT: WIFI_EVENT_STA_START[0m
I (2280) wifi:new:<11,0>, old:<1,0>, ap:<255,255>, sta:<11,0>, prof:1, snd_ch_cfg:0x0
I (2280) wifi:state: init -> auth (0xb0)
I (2320) wifi:state: auth -> assoc (0x0)
I (2330) wifi:state: assoc -> run (0x10)
I (2350) wifi:connected with TT-535555, aid = 1, channel 11, BW20, bssid = 22:5b:ad:89:a9:dd
I (2350) wifi:security: WPA2-PSK, phy: bgn, rssi: -46
I (2350) wifi:pm start, type: 1

I (2360) wifi:dp: 1, bi: 102400, li: 3, scale listen interval from 307200 us to 307200 us
[0;32mI (2360) WIFI CONNECT: WIFI_EVENT_STA_CONNECTED[0m
I (2430) wifi:AP's beacon interval = 102400 us, DTIM period = 1
I (2450) wifi:<ba-add>idx:0 (ifx:0, 22:5b:ad:89:a9:dd), tid:0, ssn:1, winSize:64
[0;32mI (3370) WIFI CONNECT: IP_EVENT_STA_GOT_IP[0m
[0;32mI (3370) esp_netif_handlers: sta ip: 192.168.137.185, mask: 255.255.255.0, gw: 192.168.137.1[0m
[0;33mW (12010) esp-tls: Failed to open new connection in specified timeout[0m
[0;31mE (12010) transport_base: Failed to open a new connection[0m
[0;31mE (12010) HTTP_CLIENT: Connection failed, sock < 0[0m
[0;31mE (12010) Server Response:: HTTP GET request failed: ESP_ERR_HTTP_CONNECT[0m

assert failed: xQueueSemaphoreTake queue.c:1709 (( pxQueue ))


Backtrace: 0x40081a42:0x3ffba780 0x400893ad:0x3ffba7a0 0x40091145:0x3ffba7c0 0x40089c92:0x3ffba8e0 0x400d764d:0x3ffba920 0x4016c8d7:0x3ffba960 0x40089eb9:0x3ffba990




ELF file SHA256: 32b4521be

Rebooting...
ets Jul 29 2019 12:21:46

rst:0xc (SW_CPU_RESET),boot:0x13 (SPI_FAST_FLASH_BOOT)
configsip: 0, SPIWP:0xee
clk_drv:0x00,q_drv:0x00,d_drv:0x00,cs0_drv:0x00,hd_drv:0x00,wp_drv:0x00
mode:DIO, clock div:2
load:0x3fff0030,len:7176
load:0x40078000,len:15564
ho 0 tail 12 room 4
load:0x40080400,len:4
load:0x40080404,len:3904
entry 0x40080640
[0;32mI (31) boot: ESP-IDF v5.3 2nd stage bootloader[0m
[0;32mI (31) boot: compile time Feb 10 2025 19:06:31[0m
[0;32mI (31) boot: Multicore bootloader[0m
[0;32mI (35) boot: chip revision: v3.0[0m
[0;32mI (39) boot.esp32: SPI Speed      : 40MHz[0m
[0;32mI (44) boot.esp32: SPI Mode       : DIO[0m
[0;32mI (48) boot.esp32: SPI Flash Size : 2MB[0m
[0;32mI (53) boot: Enabling RNG early entropy source...[0m
[0;32mI (58) boot: Partition Table:[0m
[0;32mI (62) boot: ## Label            Usage          Type ST Offset   Length[0m
[0;32mI (69) boot:  0 nvs              WiFi data        01 02 00009000 00006000[0m
[0;32mI (76) boot:  1 phy_init         RF data          01 01 0000f000 00001000[0m
[0;32mI (84) boot:  2 factory          factory app      00 00 00010000 00100000[0m
[0;32mI (91) boot: End of partition table[0m
[0;32mI (96) esp_image: segment 0: paddr=00010020 vaddr=3f400020 size=254cch (152780) map[0m
[0;32mI (156) esp_image: segment 1: paddr=000354f4 vaddr=3ffb0000 size=03e48h ( 15944) load[0m
[0;32mI (163) esp_image: segment 2: paddr=00039344 vaddr=40080000 size=06cd4h ( 27860) load[0m
[0;32mI (174) esp_image: segment 3: paddr=00040020 vaddr=400d0020 size=9e8a8h (649384) map[0m
[0;32mI (396) esp_image: segment 4: paddr=000de8d0 vaddr=40086cd4 size=1051ch ( 66844) load[0m
[0;32mI (434) boot: Loaded app from partition at offset 0x10000[0m
[0;32mI (435) boot: Disabling RNG early entropy source...[0m
[0;32mI (446) cpu_start: Multicore app[0m
[0;32mI (455) cpu_start: Pro cpu start user code[0m
[0;32mI (455) cpu_start: cpu freq: 160000000 Hz[0m
[0;32mI (455) app_init: Application information:[0m
[0;32mI (458) app_init: Project name:     DosificadorV2[0m
[0;32mI (463) app_init: App version:      06b004c-dirty[0m
[0;32mI (469) app_init: Compile time:     Feb 11 2025 10:22:19[0m
[0;32mI (475) app_init: ELF file SHA256:  32b4521be...[0m
[0;32mI (480) app_init: ESP-IDF:          v5.3[0m
[0;32mI (485) efuse_init: Min chip rev:     v0.0[0m
[0;32mI (489) efuse_init: Max chip rev:     v3.99 [0m
[0;32mI (494) efuse_init: Chip rev:         v3.0[0m
[0;32mI (499) heap_init: Initializing. RAM available for dynamic allocation:[0m
[0;32mI (506) heap_init: At 3FFAE6E0 len 00001920 (6 KiB): DRAM[0m
[0;32mI (512) heap_init: At 3FFB8668 len 00027998 (158 KiB): DRAM[0m
[0;32mI (519) heap_init: At 3FFE0440 len 00003AE0 (14 KiB): D/IRAM[0m
[0;32mI (525) heap_init: At 3FFE4350 len 0001BCB0 (111 KiB): D/IRAM[0m
[0;32mI (531) heap_init: At 400971F0 len 00008E10 (35 KiB): IRAM[0m
[0;32mI (539) spi_flash: detected chip: generic[0m
[0;32mI (542) spi_flash: flash io: dio[0m
[0;33mW (546) spi_flash: Detected size(4096k) larger than the size in the binary image header(2048k). Using the size in the binary image header.[0m
[0;32mI (560) main_task: Started on CPU0[0m
[0;32mI (570) main_task: Calling app_main()[0m
I (590) wifi:wifi driver task: 3ffc02c0, prio:23, stack:6656, core=0
I (590) wifi:wifi firmware version: 0caa81945
I (590) wifi:wifi certification version: v7.0
I (590) wifi:config NVS flash: enabled
I (590) wifi:config nano formating: disabled
I (600) wifi:Init data frame dynamic rx buffer num: 32
I (600) wifi:Init static rx mgmt buffer num: 5
I (610) wifi:Init management short buffer num: 32
I (610) wifi:Init dynamic tx buffer num: 32
I (610) wifi:Init static rx buffer size: 1600
I (620) wifi:Init static rx buffer num: 10
I (620) wifi:Init dynamic rx buffer num: 32
[0;32mI (630) wifi_init: rx ba win: 6[0m
[0;32mI (630) wifi_init: accept mbox: 6[0m
[0;32mI (630) wifi_init: tcpip mbox: 32[0m
[0;32mI (640) wifi_init: udp mbox: 6[0m
[0;32mI (640) wifi_init: tcp mbox: 6[0m
[0;32mI (640) wifi_init: tcp tx win: 5760[0m
[0;32mI (650) wifi_init: tcp rx win: 5760[0m
[0;32mI (650) wifi_init: tcp mss: 1440[0m
[0;32mI (660) wifi_init: WiFi IRAM OP enabled[0m
[0;32mI (660) wifi_init: WiFi RX IRAM OP enabled[0m
[0;32mI (670) phy_init: phy_version 4830,54550f7,Jun 20 2024,14:22:08[0m
I (760) wifi:mode : sta (e0:5a:1b:77:7a:b0)
I (760) wifi:enable tsf
[0;32mI (760) WIFI CONNECT: WIFI_EVENT_STA_START[0m
I (2230) wifi:new:<11,0>, old:<1,0>, ap:<255,255>, sta:<11,0>, prof:1, snd_ch_cfg:0x0
I (2230) wifi:state: init -> auth (0xb0)
I (2250) wifi:state: auth -> assoc (0x0)
I (2260) wifi:state: assoc -> run (0x10)
I (2270) wifi:connected with TT-535555, aid = 1, channel 11, BW20, bssid = 22:5b:ad:89:a9:dd
I (2270) wifi:security: WPA2-PSK, phy: bgn, rssi: -49
I (2280) wifi:pm start, type: 1

I (2280) wifi:dp: 1, bi: 102400, li: 3, scale listen interval from 307200 us to 307200 us
[0;32mI (2290) WIFI CONNECT: WIFI_EVENT_STA_CONNECTED[0m
I (2340) wifi:<ba-add>idx:0 (ifx:0, 22:5b:ad:89:a9:dd), tid:0, ssn:0, winSize:64
I (2350) wifi:AP's beacon interval = 102400 us, DTIM period = 1
[0;32mI (3290) WIFI CONNECT: IP_EVENT_STA_GOT_IP[0m
[0;32mI (3290) esp_netif_handlers: sta ip: 192.168.137.185, mask: 255.255.255.0, gw: 192.168.137.1[0m
I (3300) wifi:<ba-add>idx:1 (ifx:0, 22:5b:ad:89:a9:dd), tid:6, ssn:2, winSize:64
[0;32mI (7700) Server Response:: HTTP GET status = 200
[0m
[0;32mI (7700) Server Response:: dosificar: false[0m
[0;32mI (7700) Server Response:: hora: 2025-02-11T11:00:33.3760654[0m

assert failed: xQueueSemaphoreTake queue.c:1709 (( pxQueue ))


Backtrace: 0x40081a42:0x3ffba780 0x400893ad:0x3ffba7a0 0x40091145:0x3ffba7c0 0x40089c92:0x3ffba8e0 0x400d764d:0x3ffba920 0x4016c8d7:0x3ffba960 0x40089eb9:0x3ffba990




ELF file SHA256: 32b4521be

Rebooting...
ets Jul 29 2019 12:21:46

rst:0xc (SW_CPU_RESET),boot:0x13 (SPI_FAST_FLASH_BOOT)
configsip: 0, SPIWP:0xee
clk_drv:0x00,q_drv:0x00,d_drv:0x00,cs0_drv:0x00,hd_drv:0x00,wp_drv:0x00
mode:DIO, clock div:2
load:0x3fff0030,len:7176
load:0x40078000,len:15564
ho 0 tail 12 room 4
load:0x40080400,len:4
load:0x40080404,len:3904
entry 0x40080640
[0;32mI (31) boot: ESP-IDF v5.3 2nd stage bootloader[0m
[0;32mI (31) boot: compile time Feb 10 2025 19:06:31[0m
[0;32mI (31) boot: Multicore bootloader[0m
[0;32mI (35) boot: chip revision: v3.0[0m
[0;32mI (39) boot.esp32: SPI Speed      : 40MHz[0m
[0;32mI (44) boot.esp32: SPI Mode       : DIO[0m
[0;32mI (48) boot.esp32: SPI Flash Size : 2MB[0m
[0;32mI (53) boot: Enabling RNG early entropy source...[0m
[0;32mI (58) boot: Partition Table:[0m
[0;32mI (62) boot: ## Label            Usage          Type ST Offset   Length[0m
[0;32mI (69) boot:  0 nvs              WiFi data        01 02 00009000 00006000[0m
[0;32mI (76) boot:  1 phy_init         RF data          01 01 0000f000 00001000[0m
[0;32mI (84) boot:  2 factory          factory app      00 00 00010000 00100000[0m
[0;32mI (91) boot: End of partition table[0m
[0;32mI (96) esp_image: segment 0: paddr=00010020 vaddr=3f400020 size=254cch (152780) map[0m
[0;32mI (156) esp_image: segment 1: paddr=000354f4 vaddr=3ffb0000 size=03e48h ( 15944) load[0m
[0;32mI (163) esp_image: segment 2: paddr=00039344 vaddr=40080000 size=06cd4h ( 27860) load[0m
[0;32mI (174) esp_image: segment 3: paddr=00040020 vaddr=400d0020 size=9e8a8h (649384) map[0m
[0;32mI (396) esp_image: segment 4: paddr=000de8d0 vaddr=40086cd4 size=1051ch ( 66844) load[0m
[0;32mI (434) boot: Loaded app from partition at offset 0x10000[0m
[0;32mI (435) boot: Disabling RNG early entropy source...[0m
[0;32mI (446) cpu_start: Multicore app[0m
[0;32mI (455) cpu_start: Pro cpu start user code[0m
[0;32mI (455) cpu_start: cpu freq: 160000000 Hz[0m
[0;32mI (455) app_init: Application information:[0m
[0;32mI (458) app_init: Project name:     DosificadorV2[0m
[0;32mI (463) app_init: App version:      06b004c-dirty[0m
[0;32mI (469) app_init: Compile time:     Feb 11 2025 10:22:19[0m
[0;32mI (475) app_init: ELF file SHA256:  32b4521be...[0m
[0;32mI (480) app_init: ESP-IDF:          v5.3[0m
[0;32mI (485) efuse_init: Min chip rev:     v0.0[0m
[0;32mI (489) efuse_init: Max chip rev:     v3.99 [0m
[0;32mI (494) efuse_init: Chip rev:         v3.0[0m
[0;32mI (499) heap_init: Initializing. RAM available for dynamic allocation:[0m
[0;32mI (506) heap_init: At 3FFAE6E0 len 00001920 (6 KiB): DRAM[0m
[0;32mI (512) heap_init: At 3FFB8668 len 00027998 (158 KiB): DRAM[0m
[0;32mI (519) heap_init: At 3FFE0440 len 00003AE0 (14 KiB): D/IRAM[0m
[0;32mI (525) heap_init: At 3FFE4350 len 0001BCB0 (111 KiB): D/IRAM[0m
[0;32mI (531) heap_init: At 400971F0 len 00008E10 (35 KiB): IRAM[0m
[0;32mI (539) spi_flash: detected chip: generic[0m
[0;32mI (542) spi_flash: flash io: dio[0m
[0;33mW (546) spi_flash: Detected size(4096k) larger than the size in the binary image header(2048k). Using the size in the binary image header.[0m
[0;32mI (560) main_task: Started on CPU0[0m
[0;32mI (570) main_task: Calling app_main()[0m
I (590) wifi:wifi driver task: 3ffc02c0, prio:23, stack:6656, core=0
I (590) wifi:wifi firmware version: 0caa81945
I (590) wifi:wifi certification version: v7.0
I (590) wifi:config NVS flash: enabled
I (590) wifi:config nano formating: disabled
I (600) wifi:Init data frame dynamic rx buffer num: 32
I (600) wifi:Init static rx mgmt buffer num: 5
I (610) wifi:Init management short buffer num: 32
I (610) wifi:Init dynamic tx buffer num: 32
I (610) wifi:Init static rx buffer size: 1600
I (620) wifi:Init static rx buffer num: 10
I (620) wifi:Init dynamic rx buffer num: 32
[0;32mI (630) wifi_init: rx ba win: 6[0m
[0;32mI (630) wifi_init: accept mbox: 6[0m
[0;32mI (630) wifi_init: tcpip mbox: 32[0m
[0;32mI (640) wifi_init: udp mbox: 6[0m
[0;32mI (640) wifi_init: tcp mbox: 6[0m
[0;32mI (640) wifi_init: tcp tx win: 5760[0m
[0;32mI (650) wifi_init: tcp rx win: 5760[0m
[0;32mI (650) wifi_init: tcp mss: 1440[0m
[0;32mI (660) wifi_init: WiFi IRAM OP enabled[0m
[0;32mI (660) wifi_init: WiFi RX IRAM OP enabled[0m
[0;32mI (670) phy_init: phy_version 4830,54550f7,Jun 20 2024,14:22:08[0m
I (760) wifi:mode : sta (e0:5a:1b:77:7a:b0)
I (760) wifi:enable tsf
[0;32mI (760) WIFI CONNECT: WIFI_EVENT_STA_START[0m
I (2230) wifi:new:<11,0>, old:<1,0>, ap:<255,255>, sta:<11,0>, prof:1, snd_ch_cfg:0x0
I (2230) wifi:state: init -> auth (0xb0)
I (3230) wifi:state: auth -> init (0x200)
I (3230) wifi:new:<11,0>, old:<11,0>, ap:<255,255>, sta:<11,0>, prof:1, snd_ch_cfg:0x0
[0;33mW (3230) WIFI CONNECT: DISCONNECTED 2: WIFI_REASON_AUTH_EXPIRE[0m
[0;33mW (10650) WIFI CONNECT: DISCONNECTED 205: WIFI_REASON_CONNECTION_FAIL[0m
ESP_ERROR_CHECK failed: esp_err_t 0xffffffff (ESP_FAIL) at 0x400d7614
file: "./main/main.c" line 103
func: app_main
expression: wifi_connect_sta("TT-535555", "raizProyecto01", 10000)

abort() was called at PC 0x400893a3 on core 0


Backtrace: 0x40081a42:0x3ffba840 0x400893ad:0x3ffba860 0x40091009:0x3ffba880 0x400893a3:0x3ffba8f0 0x400d7614:0x3ffba920 0x4016c8d7:0x3ffba960 0x40089eb9:0x3ffba990




ELF file SHA256: 32b4521be

Rebooting...
ets Jul 29 2019 12:21:46

rst:0xc (SW_CPU_RESET),boot:0x13 (SPI_FAST_FLASH_BOOT)
configsip: 0, SPIWP:0xee
clk_drv:0x00,q_drv:0x00,d_drv:0x00,cs0_drv:0x00,hd_drv:0x00,wp_drv:0x00
mode:DIO, clock div:2
load:0x3fff0030,len:7176
load:0x40078000,len:15564
ho 0 tail 12 room 4
load:0x40080400,len:4
load:0x40080404,len:3904
entry 0x40080640
[0;32mI (31) boot: ESP-IDF v5.3 2nd stage bootloader[0m
[0;32mI (31) boot: compile time Feb 10 2025 19:06:31[0m
[0;32mI (31) boot: Multicore bootloader[0m
[0;32mI (35) boot: chip revision: v3.0[0m
[0;32mI (39) boot.esp32: SPI Speed      : 40MHz[0m
[0;32mI (44) boot.esp32: SPI Mode       : DIO[0m
[0;32mI (48) boot.esp32: SPI Flash Size : 2MB[0m
[0;32mI (53) boot: Enabling RNG early entropy source...[0m
[0;32mI (58) boot: Partition Table:[0m
[0;32mI (62) boot: ## Label            Usage          Type ST Offset   Length[0m
[0;32mI (69) boot:  0 nvs              WiFi data        01 02 00009000 00006000[0m
[0;32mI (76) boot:  1 phy_init         RF data          01 01 0000f000 00001000[0m
[0;32mI (84) boot:  2 factory          factory app      00 00 00010000 00100000[0m
[0;32mI (91) boot: End of partition table[0m
[0;32mI (96) esp_image: segment 0: paddr=00010020 vaddr=3f400020 size=254cch (152780) map[0m
[0;32mI (156) esp_image: segment 1: paddr=000354f4 vaddr=3ffb0000 size=03e48h ( 15944) load[0m
[0;32mI (163) esp_image: segment 2: paddr=00039344 vaddr=40080000 size=06cd4h ( 27860) load[0m
[0;32mI (174) esp_image: segment 3: paddr=00040020 vaddr=400d0020 size=9e8a8h (649384) map[0m
[0;32mI (396) esp_image: segment 4: paddr=000de8d0 vaddr=40086cd4 size=1051ch ( 66844) load[0m
[0;32mI (434) boot: Loaded app from partition at offset 0x10000[0m
[0;32mI (435) boot: Disabling RNG early entropy source...[0m
[0;32mI (446) cpu_start: Multicore app[0m
[0;32mI (455) cpu_start: Pro cpu start user code[0m
[0;32mI (455) cpu_start: cpu freq: 160000000 Hz[0m
[0;32mI (455) app_init: Application information:[0m
[0;32mI (458) app_init: Project name:     DosificadorV2[0m
[0;32mI (463) app_init: App version:      06b004c-dirty[0m
[0;32mI (469) app_init: Compile time:     Feb 11 2025 10:22:19[0m
[0;32mI (475) app_init: ELF file SHA256:  32b4521be...[0m
[0;32mI (480) app_init: ESP-IDF:          v5.3[0m
[0;32mI (485) efuse_init: Min chip rev:     v0.0[0m
[0;32mI (489) efuse_init: Max chip rev:     v3.99 [0m
[0;32mI (494) efuse_init: Chip rev:         v3.0[0m
[0;32mI (499) heap_init: Initializing. RAM available for dynamic allocation:[0m
[0;32mI (506) heap_init: At 3FFAE6E0 len 00001920 (6 KiB): DRAM[0m
[0;32mI (512) heap_init: At 3FFB8668 len 00027998 (158 KiB): DRAM[0m
[0;32mI (519) heap_init: At 3FFE0440 len 00003AE0 (14 KiB): D/IRAM[0m
[0;32mI (525) heap_init: At 3FFE4350 len 0001BCB0 (111 KiB): D/IRAM[0m
[0;32mI (531) heap_init: At 400971F0 len 00008E10 (35 KiB): IRAM[0m
[0;32mI (539) spi_flash: detected chip: generic[0m
[0;32mI (542) spi_flash: flash io: dio[0m
[0;33mW (546) spi_flash: Detected size(4096k) larger than the size in the binary image header(2048k). Using the size in the binary image header.[0m
[0;32mI (560) main_task: Started on CPU0[0m
[0;32mI (570) main_task: Calling app_main()[0m
I (590) wifi:wifi driver task: 3ffc02c0, prio:23, stack:6656, core=0
I (590) wifi:wifi firmware version: 0caa81945
I (590) wifi:wifi certification version: v7.0
I (590) wifi:config NVS flash: enabled
I (590) wifi:config nano formating: disabled
I (600) wifi:Init data frame dynamic rx buffer num: 32
I (600) wifi:Init static rx mgmt buffer num: 5
I (610) wifi:Init management short buffer num: 32
I (610) wifi:Init dynamic tx buffer num: 32
I (610) wifi:Init static rx buffer size: 1600
I (620) wifi:Init static rx buffer num: 10
I (620) wifi:Init dynamic rx buffer num: 32
[0;32mI (630) wifi_init: rx ba win: 6[0m
[0;32mI (630) wifi_init: accept mbox: 6[0m
[0;32mI (630) wifi_init: tcpip mbox: 32[0m
[0;32mI (640) wifi_init: udp mbox: 6[0m
[0;32mI (640) wifi_init: tcp mbox: 6[0m
[0;32mI (640) wifi_init: tcp tx win: 5760[0m
[0;32mI (650) wifi_init: tcp rx win: 5760[0m
[0;32mI (650) wifi_init: tcp mss: 1440[0m
[0;32mI (660) wifi_init: WiFi IRAM OP enabled[0m
[0;32mI (660) wifi_init: WiFi RX IRAM OP enabled[0m
[0;32mI (670) phy_init: phy_version 4830,54550f7,Jun 20 2024,14:22:08[0m
[0;33mW (760) phy_init: saving new calibration data because of checksum failure, mode(0)[0m
I (780) wifi:mode : sta (e0:5a:1b:77:7a:b0)
I (780) wifi:enable tsf
[0;32mI (780) WIFI CONNECT: WIFI_EVENT_STA_START[0m
I (2280) wifi:new:<11,0>, old:<1,0>, ap:<255,255>, sta:<11,0>, prof:1, snd_ch_cfg:0x0
I (2280) wifi:state: init -> auth (0xb0)
I (3280) wifi:state: auth -> init (0x200)
I (3280) wifi:new:<11,0>, old:<11,0>, ap:<255,255>, sta:<11,0>, prof:1, snd_ch_cfg:0x0
[0;33mW (3290) WIFI CONNECT: DISCONNECTED 2: WIFI_REASON_AUTH_EXPIRE[0m
