&ï¿½+
Bï¿½ï¿½Jï¿½ï¿½ï¿½ï¿½ chip revisï¿½ets Jul 29 2019 12:21:46

rst:0x1 (POWERON_RESET),boot:0x13 (SPI_FAST_FLASH_BOOT)
configsip: 0, SPIWP:0xee
clk_drv:0x00,q_drv:0x00,d_drv:0x00,cs0_drv:0x00,hd_drv:0x00,wp_drv:0x00
mode:DIO, clock div:2
load:0x3fff0030,len:7176
load:0x40078000,len:15564
ho 0 tail 12 room 4
load:0x40080400,len:4
load:0x40080404,len:3904
entry 0x40080640
[0;32mI (31) boot: ESP-IDF v5.3 2nd stage bootloader[0m
[0;32mI (31) boot: compile time Feb 10 2025 19:06:31[0m
[0;32mI (31) boot: Multicore bootloader[0m
[0;32mI (35) boot: chip revision: v3.0[0m
[0;32mI (39) boot.esp32: SPI Speed      : 40MHz[0m
[0;32mI (44) boot.esp32: SPI Mode       : DIO[0m
[0;32mI (48) boot.esp32: SPI Flash Size : 2MB[0m
[0;32mI (53) boot: Enabling RNG early entropy source...[0m
[0;32mI (58) boot: Partition Table:[0m
[0;32mI (62) boot: ## Label            Usage          Type ST Offset   Length[0m
[0;32mI (69) boot:  0 nvs              WiFi data        01 02 00009000 00006000[0m
[0;32mI (76) boot:  1 phy_init         RF data          01 01 0000f000 00001000[0m
[0;32mI (84) boot:  2 factory          factory app      00 00 00010000 00100000[0m
[0;32mI (91) boot: End of partition table[0m
[0;32mI (96) esp_image: segment 0: paddr=00010020 vaddr=3f400020 size=2562ch (153132) map[0m
[0;32mI (157) esp_image: segment 1: paddr=00035654 vaddr=3ffb0000 size=03e48h ( 15944) load[0m
[0;32mI (163) esp_image: segment 2: paddr=000394a4 vaddr=40080000 size=06b74h ( 27508) load[0m
[0;32mI (174) esp_image: segment 3: paddr=00040020 vaddr=400d0020 size=9e8e4h (649444) map[0m
[0;32mI (397) esp_image: segment 4: paddr=000de90c vaddr=40086b74 size=1067ch ( 67196) load[0m
[0;32mI (435) boot: Loaded app from partition at offset 0x10000[0m
[0;32mI (435) boot: Disabling RNG early entropy source...[0m
[0;32mI (447) cpu_start: Multicore app[0m
[0;32mI (455) cpu_start: Pro cpu start user code[0m
[0;32mI (455) cpu_start: cpu freq: 160000000 Hz[0m
[0;32mI (455) app_init: Application information:[0m
[0;32mI (458) app_init: Project name:     DosificadorV2[0m
[0;32mI (464) app_init: App version:      7d163b5-dirty[0m
[0;32mI (469) app_init: Compile time:     Feb 10 2025 22:14:15[0m
[0;32mI (475) app_init: ELF file SHA256:  402e2cd8b...[0m
[0;32mI (480) app_init: ESP-IDF:          v5.3[0m
[0;32mI (485) efuse_init: Min chip rev:     v0.0[0m
[0;32mI (490) efuse_init: Max chip rev:     v3.99 [0m
[0;32mI (495) efuse_init: Chip rev:         v3.0[0m
[0;32mI (500) heap_init: Initializing. RAM available for dynamic allocation:[0m
[0;32mI (507) heap_init: At 3FFAE6E0 len 00001920 (6 KiB): DRAM[0m
[0;32mI (513) heap_init: At 3FFB8660 len 000279A0 (158 KiB): DRAM[0m
[0;32mI (519) heap_init: At 3FFE0440 len 00003AE0 (14 KiB): D/IRAM[0m
[0;32mI (525) heap_init: At 3FFE4350 len 0001BCB0 (111 KiB): D/IRAM[0m
[0;32mI (532) heap_init: At 400971F0 len 00008E10 (35 KiB): IRAM[0m
[0;32mI (539) spi_flash: detected chip: generic[0m
[0;32mI (542) spi_flash: flash io: dio[0m
[0;33mW (546) spi_flash: Detected size(4096k) larger than the size in the binary image header(2048k). Using the size in the binary image header.[0m
[0;32mI (561) main_task: Started on CPU0[0m
[0;32mI (571) main_task: Calling app_main()[0m
I (591) wifi:wifi driver task: 3ffc0214, prio:23, stack:6656, core=0
I (591) wifi:wifi firmware version: 0caa81945
I (591) wifi:wifi certification version: v7.0
I (591) wifi:config NVS flash: enabled
I (591) wifi:config nano formating: disabled
I (601) wifi:Init data frame dynamic rx buffer num: 32
I (601) wifi:Init static rx mgmt buffer num: 5
I (611) wifi:Init management short buffer num: 32
I (611) wifi:Init dynamic tx buffer num: 32
I (611) wifi:Init static rx buffer size: 1600
I (621) wifi:Init static rx buffer num: 10
I (621) wifi:Init dynamic rx buffer num: 32
[0;32mI (631) wifi_init: rx ba win: 6[0m
[0;32mI (631) wifi_init: accept mbox: 6[0m
[0;32mI (631) wifi_init: tcpip mbox: 32[0m
[0;32mI (641) wifi_init: udp mbox: 6[0m
[0;32mI (641) wifi_init: tcp mbox: 6[0m
[0;32mI (641) wifi_init: tcp tx win: 5760[0m
[0;32mI (651) wifi_init: tcp rx win: 5760[0m
[0;32mI (651) wifi_init: tcp mss: 1440[0m
[0;32mI (661) wifi_init: WiFi IRAM OP enabled[0m
[0;32mI (661) wifi_init: WiFi RX IRAM OP enabled[0m
[0;32mI (671) phy_init: phy_version 4830,54550f7,Jun 20 2024,14:22:08[0m
I (751) wifi:mode : sta (d4:d4:da:59:e7:bc)
I (751) wifi:enable tsf
[0;32mI (751) WIFI CONNECT: WIFI_EVENT_STA_START[0m
I (1501) wifi:new:<5,0>, old:<1,0>, ap:<255,255>, sta:<5,0>, prof:1, snd_ch_cfg:0x0
I (1501) wifi:state: init -> auth (0xb0)
I (1501) wifi:state: auth -> assoc (0x0)
I (1511) wifi:state: assoc -> run (0x10)
I (1571) wifi:connected with TT-535555, aid = 1, channel 5, BW20, bssid = 22:5b:ad:89:a9:dd
I (1571) wifi:security: WPA2-PSK, phy: bgn, rssi: -30
I (1571) wifi:pm start, type: 1

I (1571) wifi:dp: 1, bi: 102400, li: 3, scale listen interval from 307200 us to 307200 us
[0;32mI (1581) WIFI CONNECT: WIFI_EVENT_STA_CONNECTED[0m
I (1621) wifi:<ba-add>idx:0 (ifx:0, 22:5b:ad:89:a9:dd), tid:0, ssn:0, winSize:64
I (1641) wifi:AP's beacon interval = 102400 us, DTIM period = 1
[0;32mI (2591) WIFI CONNECT: IP_EVENT_STA_GOT_IP[0m
[0;32mI (2591) esp_netif_handlers: sta ip: 192.168.137.47, mask: 255.255.255.0, gw: 192.168.137.1[0m
I (2601) wifi:<ba-add>idx:1 (ifx:0, 22:5b:ad:89:a9:dd), tid:6, ssn:2, winSize:64
[0;32mI (4321) Server Response:: HTTP GET status = 200
[0m
[0;31mE (4331) Server Response:: El campo 'dosificar' no es true[0m
aqui 1
Evento Fallido
[0;32mI (4331) main_task: Returned from app_main()[0m
Timer expired 62057
[0;32mI (64211) Server Response:: HTTP GET status = 200
[0m
[0;31mE (64211) Server Response:: El campo 'dosificar' no es true[0m
Guru Meditation Error: Core  0 panic'ed (StoreProhibited). Exception was unhandled.

Core  0 register dump:
PC      : 0x400d78a3  PS      : 0x00060c30  A0      : 0x800d75cb  A1      : 0x3ffb9850  
A2      : 0x00000014  A3      : 0x00000000  A4      : 0x0000f269  A5      : 0x00000000  
A6      : 0x0000fad3  A7      : 0x3ffafca0  A8      : 0x00000000  A9      : 0x3ffb9830  
A10     : 0xffffffff  A11     : 0x3f4036b0  A12     : 0x3ffce4ac  A13     : 0x3ffce480  
A14     : 0x3ffce454  A15     : 0x3ffce428  SAR     : 0x00000018  EXCCAUSE: 0x0000001d  
EXCVADDR: 0x00000014  LBEG    : 0x400014fd  LEND    : 0x4000150d  LCOUNT  : 0xfffffffb  


Backtrace: 0x400d78a0:0x3ffb9850 0x400d75c8:0x3ffb9910 0x400da4b1:0x3ffb9930 0x400da4f9:0x3ffb9960 0x40089eb9:0x3ffb9980




ELF file SHA256: 402e2cd8b

Rebooting...
ets Jul 29 2019 12:21:46

rst:0xc (SW_CPU_RESET),boot:0x13 (SPI_FAST_FLASH_BOOT)
configsip: 0, SPIWP:0xee
clk_drv:0x00,q_drv:0x00,d_drv:0x00,cs0_drv:0x00,hd_drv:0x00,wp_drv:0x00
mode:DIO, clock div:2
load:0x3fff0030,len:7176
load:0x40078000,len:15564
ho 0 tail 12 room 4
load:0x40080400,len:4
load:0x40080404,len:3904
entry 0x40080640
[0;32mI (31) boot: ESP-IDF v5.3 2nd stage bootloader[0m
[0;32mI (31) boot: compile time Feb 10 2025 19:06:31[0m
[0;32mI (31) boot: Multicore bootloader[0m
[0;32mI (35) boot: chip revision: v3.0[0m
[0;32mI (39) boot.esp32: SPI Speed      : 40MHz[0m
[0;32mI (44) boot.esp32: SPI Mode       : DIO[0m
[0;32mI (48) boot.esp32: SPI Flash Size : 2MB[0m
[0;32mI (53) boot: Enabling RNG early entropy source...[0m
[0;32mI (58) boot: Partition Table:[0m
[0;32mI (62) boot: ## Label            Usage          Type ST Offset   Length[0m
[0;32mI (69) boot:  0 nvs              WiFi data        01 02 00009000 00006000[0m
[0;32mI (76) boot:  1 phy_init         RF data          01 01 0000f000 00001000[0m
[0;32mI (84) boot:  2 factory          factory app      00 00 00010000 00100000[0m
[0;32mI (91) boot: End of partition table[0m
[0;32mI (96) esp_image: segment 0: paddr=00010020 vaddr=3f400020 size=2562ch (153132) map[0m
[0;32mI (157) esp_image: segment 1: paddr=00035654 vaddr=3ffb0000 size=03e48h ( 15944) load[0m
[0;32mI (163) esp_image: segment 2: paddr=000394a4 vaddr=40080000 size=06b74h ( 27508) load[0m
[0;32mI (174) esp_image: segment 3: paddr=00040020 vaddr=400d0020 size=9e8e4h (649444) map[0m
[0;32mI (396) esp_image: segment 4: paddr=000de90c vaddr=40086b74 size=1067ch ( 67196) load[0m
[0;32mI (435) boot: Loaded app from partition at offset 0x10000[0m
[0;32mI (435) boot: Disabling RNG early entropy source...[0m
[0;32mI (446) cpu_start: Multicore app[0m
[0;32mI (455) cpu_start: Pro cpu start user code[0m
[0;32mI (455) cpu_start: cpu freq: 160000000 Hz[0m
[0;32mI (455) app_init: Application information:[0m
[0;32mI (458) app_init: Project name:     DosificadorV2[0m
[0;32mI (464) app_init: App version:      7d163b5-dirty[0m
[0;32mI (469) app_init: Compile time:     Feb 10 2025 22:14:15[0m
[0;32mI (475) app_init: ELF file SHA256:  402e2cd8b...[0m
[0;32mI (480) app_init: ESP-IDF:          v5.3[0m
[0;32mI (485) efuse_init: Min chip rev:     v0.0[0m
[0;32mI (490) efuse_init: Max chip rev:     v3.99 [0m
[0;32mI (495) efuse_init: Chip rev:         v3.0[0m
[0;32mI (500) heap_init: Initializing. RAM available for dynamic allocation:[0m
[0;32mI (507) heap_init: At 3FFAE6E0 len 00001920 (6 KiB): DRAM[0m
[0;32mI (513) heap_init: At 3FFB8660 len 000279A0 (158 KiB): DRAM[0m
[0;32mI (519) heap_init: At 3FFE0440 len 00003AE0 (14 KiB): D/IRAM[0m
[0;32mI (525) heap_init: At 3FFE4350 len 0001BCB0 (111 KiB): D/IRAM[0m
[0;32mI (532) heap_init: At 400971F0 len 00008E10 (35 KiB): IRAM[0m
[0;32mI (539) spi_flash: detected chip: generic[0m
[0;32mI (542) spi_flash: flash io: dio[0m
[0;33mW (546) spi_flash: Detected size(4096k) larger than the size in the binary image header(2048k). Using the size in the binary image header.[0m
[0;32mI (561) main_task: Started on CPU0[0m
[0;32mI (571) main_task: Calling app_main()[0m
I (591) wifi:wifi driver task: 3ffc0214, prio:23, stack:6656, core=0
I (591) wifi:wifi firmware version: 0caa81945
I (591) wifi:wifi certification version: v7.0
I (591) wifi:config NVS flash: enabled
I (591) wifi:config nano formating: disabled
I (601) wifi:Init data frame dynamic rx buffer num: 32
I (601) wifi:Init static rx mgmt buffer num: 5
I (611) wifi:Init management short buffer num: 32
I (611) wifi:Init dynamic tx buffer num: 32
I (611) wifi:Init static rx buffer size: 1600
I (621) wifi:Init static rx buffer num: 10
I (621) wifi:Init dynamic rx buffer num: 32
[0;32mI (631) wifi_init: rx ba win: 6[0m
[0;32mI (631) wifi_init: accept mbox: 6[0m
[0;32mI (631) wifi_init: tcpip mbox: 32[0m
[0;32mI (641) wifi_init: udp mbox: 6[0m
[0;32mI (641) wifi_init: tcp mbox: 6[0m
[0;32mI (641) wifi_init: tcp tx win: 5760[0m
[0;32mI (651) wifi_init: tcp rx win: 5760[0m
[0;32mI (651) wifi_init: tcp mss: 1440[0m
[0;32mI (661) wifi_init: WiFi IRAM OP enabled[0m
[0;32mI (661) wifi_init: WiFi RX IRAM OP enabled[0m
[0;32mI (671) phy_init: phy_version 4830,54550f7,Jun 20 2024,14:22:08[0m
 (751) wifi:mode : sta (d4:d4:da:59:e7:bc)
I (751) wifi:enable tsf
[0;32mI (751) WIFI CONNECT: WIFI_EVENT_STA_START[0m
I (1501) wifi:new:<5,0>, old:<1,0>, ap:<255,255>, sta:<5,0>, prof:1, snd_ch_cfg:0x0
I (1501) wifi:state: init -> auth (0xb0)
I (1511) wifi:state: auth -> assoc (0x0)
I (1531) wifi:state: assoc -> run (0x10)
I (1571) wifi:connected with TT-535555, aid = 1, channel 5, BW20, bssid = 22:5b:ad:89:a9:dd
I (1571) wifi:security: WPA2-PSK, phy: bgn, rssi: -29
I (1571) wifi:pm start, type: 1

I (1571) wifi:dp: 1, bi: 102400, li: 3, scale listen interval from 307200 us to 307200 us
[0;32mI (1581) WIFI CONNECT: WIFI_EVENT_STA_CONNECTED[0m
I (1651) wifi:AP's beacon interval = 102400 us, DTIM period = 1
I (1761) wifi:<ba-add>idx:0 (ifx:0, 22:5b:ad:89:a9:dd), tid:0, ssn:0, winSize:64
[0;32mI (2591) WIFI CONNECT: IP_EVENT_STA_GOT_IP[0m
[0;32mI (2591) esp_netif_handlers: sta ip: 192.168.137.47, mask: 255.255.255.0, gw: 192.168.137.1[0m
I (2601) wifi:<ba-add>idx:1 (ifx:0, 22:5b:ad:89:a9:dd), tid:6, ssn:2, winSize:64
[0;32mI (4431) Server Response:: HTTP GET status = 200
[0m
[0;31mE (4431) Server Response:: El campo 'dosificar' no es true[0m
aqui 1
Evento Fallido
[0;32mI (4441) main_task: Returned from app_main()[0m
Timer expired 62057
[0;32mI (63991) Server Response:: HTTP GET status = 200
[0m
[0;31mE (63991) Server Response:: El campo 'dosificar' no es true[0m
Guru Meditation Error: Core  0 panic'ed (StoreProhibited). Exception was unhandled.

Core  0 register dump:
PC      : 0x400d78a3  PS      : 0x00060430  A0      : 0x800d75cb  A1      : 0x3ffb9850  
A2      : 0x00000014  A3      : 0x00000000  A4      : 0x0000f269  A5      : 0x00000000  
A6      : 0x0000f9f7  A7      : 0x3ffafca0  A8      : 0x00000000  A9      : 0x3ffb9830  
A10     : 0xffffffff  A11     : 0x3f4036b0  A12     : 0x3ffc7e60  A13     : 0x3ffc7e34  
A14     : 0x3ffce4a8  A15     : 0x3ffba9a4  SAR     : 0x00000014  EXCCAUSE: 0x0000001d  
EXCVADDR: 0x00000014  LBEG    : 0x400014fd  LEND    : 0x4000150d  LCOUNT  : 0xfffffffb  


Backtrace: 0x400d78a0:0x3ffb9850 0x400d75c8:0x3ffb9910 0x400da4b1:0x3ffb9930 0x400da4f9:0x3ffb9960 0x40089eb9:0x3ffb9980




ELF file SHA256: 402e2cd8b

Rebooting...
ets Jul 29 2019 12:21:46

rst:0xc (SW_CPU_RESET),boot:0x13 (SPI_FAST_FLASH_BOOT)
configsip: 0, SPIWP:0xee
clk_drv:0x00,q_drv:0x00,d_drv:0x00,cs0_drv:0x00,hd_drv:0x00,wp_drv:0x00
mode:DIO, clock div:2
load:0x3fff0030,len:7176
load:0x40078000,len:15564
ho 0 tail 12 room 4
load:0x40080400,len:4
load:0x40080404,len:3904
entry 0x40080640
[0;32mI (31) boot: ESP-IDF v5.3 2nd stage bootloader[0m
[0;32mI (31) boot: compile time Feb 10 2025 19:06:31[0m
[0;32mI (31) boot: Multicore bootloader[0m
[0;32mI (35) boot: chip revision: v3.0[0m
[0;32mI (39) boot.esp32: SPI Speed      : 40MHz[0m
[0;32mI (44) boot.esp32: SPI Mode       : DIO[0m
[0;32mI (48) boot.esp32: SPI Flash Size : 2MB[0m
[0;32mI (53) boot: Enabling RNG early entropy source...[0m
[0;32mI (58) boot: Partition Table:[0m
[0;32mI (62) boot: ## Label            Usage          Type ST Offset   Length[0m
[0;32mI (69) boot:  0 nvs              WiFi data        01 02 00009000 00006000[0m
[0;32mI (76) boot:  1 phy_init         RF data          01 01 0000f000 00001000[0m
[0;32mI (84) boot:  2 factory          factory app      00 00 00010000 00100000[0m
[0;32mI (91) boot: End of partition table[0m
[0;32mI (96) esp_image: segment 0: paddr=00010020 vaddr=3f400020 size=2562ch (153132) map[0m
[0;32mI (157) esp_image: segment 1: paddr=00035654 vaddr=3ffb0000 size=03e48h ( 15944) load[0m
[0;32mI (163) esp_image: segment 2: paddr=000394a4 vaddr=40080000 size=06b74h ( 27508) load[0m
[0;32mI (174) esp_image: segment 3: paddr=00040020 vaddr=400d0020 size=9e8e4h (649444) map[0m
[0;32mI (396) esp_image: segment 4: paddr=000de90c vaddr=40086b74 size=1067ch ( 67196) load[0m
[0;32mI (435) boot: Loaded app from partition at offset 0x10000[0m
[0;32mI (435) boot: Disabling RNG early entropy source...[0m
[0;32mI (446) cpu_start: Multicore app[0m
[0;32mI (455) cpu_start: Pro cpu start user code[0m
[0;32mI (455) cpu_start: cpu freq: 160000000 Hz[0m
[0;32mI (455) app_init: Application information:[0m
[0;32mI (458) app_init: Project name:     DosificadorV2[0m
[0;32mI (464) app_init: App version:      7d163b5-dirty[0m
[0;32mI (469) app_init: Compile time:     Feb 10 2025 22:14:15[0m
[0;32mI (475) app_init: ELF file SHA256:  402e2cd8b...[0m
[0;32mI (480) app_init: ESP-IDF:          v5.3[0m
[0;32mI (485) efuse_init: Min chip rev:     v0.0[0m
[0;32mI (490) efuse_init: Max chip rev:     v3.99 [0m
[0;32mI (495) efuse_init: Chip rev:         v3.0[0m
[0;32mI (500) heap_init: Initializing. RAM available for dynamic allocation:[0m
[0;32mI (507) heap_init: At 3FFAE6E0 len 00001920 (6 KiB): DRAM[0m
[0;32mI (513) heap_init: At 3FFB8660 len 000279A0 (158 KiB): DRAM[0m
[0;32mI (519) heap_init: At 3FFE0440 len 00003AE0 (14 KiB): D/IRAM[0m
[0;32mI (525) heap_init: At 3FFE4350 len 0001BCB0 (111 KiB): D/IRAM[0m
[0;32mI (532) heap_init: At 400971F0 len 00008E10 (35 KiB): IRAM[0m
[0;32mI (539) spi_flash: detected chip: generic[0m
[0;32mI (542) spi_flash: flash io: dio[0m
[0;33mW (546) spi_flash: Detected size(4096k) larger than the size in the binary image header(2048k). Using the size in the binary image header.[0m
[0;32mI (561) main_task: Started on CPU0[0m
[0;32mI (571) main_task: Calling app_main()[0m
I (591) wifi:wifi driver task: 3ffc0214, prio:23, stack:6656, core=0
I (591) wifi:wifi firmware version: 0caa81945
I (591) wifi:wifi certification version: v7.0
I (591) wifi:config NVS flash: enabled
I (591) wifi:config nano formating: disabled
I (601) wifi:Init data frame dynamic rx buffer num: 32
I (601) wifi:Init static rx mgmt buffer num: 5
I (611) wifi:Init management short buffer num: 32
I (611) wifi:Init dynamic tx buffer num: 32
I (611) wifi:Init static rx buffer size: 1600
I (621) wifi:Init static rx buffer num: 10
I (621) wifi:Init dynamic rx buffer num: 32
[0;32mI (631) wifi_init: rx ba win: 6[0m
[0;32mI (631) wifi_init: accept mbox: 6[0m
[0;32mI (631) wifi_init: tcpip mbox: 32[0m
[0;32mI (641) wifi_init: udp mbox: 6[0m
[0;32mI (641) wifi_init: tcp mbox: 6[0m
[0;32mI (641) wifi_init: tcp tx win: 5760[0m
[0;32mI (651) wifi_init: tcp rx win: 5760[0m
[0;32mI (651) wifi_init: tcp mss: 1440[0m
[0;32mI (661) wifi_init: WiFi IRAM OP enabled[0m
[0;32mI (661) wifi_init: WiFi RX IRAM OP enabled[0m
[0;32mI (671) phy_init: phy_version 4830,54550f7,Jun 20 2024,14:22:08[0m
I (751) wifi:mode : sta (d4:d4:da:59:e7:bc)
I (751) wifi:enable tsf
[0;32mI (751) WIFI CONNECT: WIFI_EVENT_STA_START[0m
I (1501) wifi:new:<5,0>, old:<1,0>, ap:<255,255>, sta:<5,0>, prof:1, snd_ch_cfg:0x0
I (1501) wifi:state: init -> auth (0xb0)
I (1501) wifi:state: auth -> assoc (0x0)
I (1511) wifi:state: assoc -> run (0x10)
I (1531) wifi:connected with TT-535555, aid = 1, channel 5, BW20, bssid = 22:5b:ad:89:a9:dd
I (1531) wifi:security: WPA2-PSK, phy: bgn, rssi: -30
I (1531) wifi:pm start, type: 1

I (1541) wifi:dp: 1, bi: 102400, li: 3, scale listen interval from 307200 us to 307200 us
[0;32mI (1551) WIFI CONNECT: WIFI_EVENT_STA_CONNECTED[0m
I (1561) wifi:<ba-add>idx:0 (ifx:0, 22:5b:ad:89:a9:dd), tid:0, ssn:0, winSize:64
I (1571) wifi:AP's beacon interval = 102400 us, DTIM period = 1
[0;32mI (2551) WIFI CONNECT: IP_EVENT_STA_GOT_IP[0m
[0;32mI (2551) esp_netif_handlers: sta ip: 192.168.137.47, mask: 255.255.255.0, gw: 192.168.137.1[0m
I (2561) wifi:<ba-add>idx:1 (ifx:0, 22:5b:ad:89:a9:dd), tid:6, ssn:2, winSize:64
[0;32mI (4251) Server Response:: HTTP GET status = 200
[0m
[0;31mE (4251) Server Response:: El campo 'dosificar' no es true[0m
aqui 1
Evento Fallido
[0;32mI (4251) main_task: Returned from app_main()[0m
Timer expired 62017
[0;32mI (63951) Server Response:: HTTP GET status = 200
[0m
[0;31mE (63951) Server Response:: El campo 'dosificar' no es true[0m
Guru Meditation Error: Core  0 panic'ed (StoreProhibited). Exception was unhandled.

Core  0 register dump:
PC      : 0x400d78a3  PS      : 0x00060030  A0      : 0x800d75cb  A1      : 0x3ffb9850  
A2      : 0x00000014  A3      : 0x00000000  A4      : 0x0000f241  A5      : 0x00000000  
A6      : 0x0000f9cf  A7      : 0x3ffafca0  A8      : 0x00000000  A9      : 0x3ffb9830  
A10     : 0xffffffff  A11     : 0x3f4036b0  A12     : 0x3ffce46c  A13     : 0x3ffce440  
A14     : 0x3ffce414  A15     : 0x3ffce3e8  SAR     : 0x00000012  EXCCAUSE: 0x0000001d  
EXCVADDR: 0x00000014  LBEG    : 0x400014fd  LEND    : 0x4000150d  LCOUNT  : 0xfffffffb  


Backtrace: 0x400d78a0:0x3ffb9850 0x400d75c8:0x3ffb9910 0x400da4b1:0x3ffb9930 0x400da4f9:0x3ffb9960 0x40089eb9:0x3ffb9980




ELF file SHA256: 402e2cd8b

Rebooting...
ets Jul 29 2019 12:21:46

rst:0xc (SW_CPU_RESET),boot:0x13 (SPI_FAST_FLASH_BOOT)
configsip: 0, SPIWP:0xee
clk_drv:0x00,q_drv:0x00,d_drv:0x00,cs0_drv:0x00,hd_drv:0x00,wp_drv:0x00
mode:DIO, clock div:2
load:0x3fff0030,len:7176
load:0x40078000,len:15564
ho 0 tail 12 room 4
load:0x40080400,len:4
load:0x40080404,len:3904
entry 0x40080640
[0;32mI (31) boot: ESP-IDF v5.3 2nd stage bootloader[0m
[0;32mI (31) boot: compile time Feb 10 2025 19:06:31[0m
[0;32mI (31) boot: Multicore bootloader[0m
[0;32mI (35) boot: chip revision: v3.0[0m
[0;32mI (39) boot.esp32: SPI Speed      : 40MHz[0m
[0;32mI (44) boot.esp32: SPI Mode       : DIO[0m
[0;32mI (48) boot.esp32: SPI Flash Size : 2MB[0m
[0;32mI (53) boot: Enabling RNG early entropy source...[0m
[0;32mI (58) boot: Partition Table:[0m
[0;32mI (62) boot: ## Label            Usage          Type ST Offset   Length[0m
[0;32mI (69) boot:  0 nvs              WiFi data        01 02 00009000 00006000[0m
[0;32mI (76) boot:  1 phy_init         RF data          01 01 0000f000 00001000[0m
[0;32mI (84) boot:  2 factory          factory app      00 00 00010000 00100000[0m
[0;32mI (91) boot: End of partition table[0m
[0;32mI (96) esp_image: segment 0: paddr=00010020 vaddr=3f400020 size=2562ch (153132) map[0m
[0;32mI (157) esp_image: segment 1: paddr=00035654 vaddr=3ffb0000 size=03e48h ( 15944) load[0m
[0;32mI (163) esp_image: segment 2: paddr=000394a4 vaddr=40080000 size=06b74h ( 27508) load[0m
[0;32mI (174) esp_image: segment 3: paddr=00040020 vaddr=400d0020 size=9e8e4h (649444) map[0m
[0;32mI (396) esp_image: segment 4: paddr=000de90c vaddr=40086b74 size=1067ch ( 67196) load[0m
[0;32mI (435) boot: Loaded app from partition at offset 0x10000[0m
[0;32mI (435) boot: Disabling RNG early entropy source...[0m
[0;32mI (446) cpu_start: Multicore app[0m
[0;32mI (455) cpu_start: Pro cpu start user code[0m
[0;32mI (455) cpu_start: cpu freq: 160000000 Hz[0m
[0;32mI (455) app_init: Application information:[0m
[0;32mI (458) app_init: Project name:     DosificadorV2[0m
[0;32mI (464) app_init: App version:      7d163b5-dirty[0m
[0;32mI (469) app_init: Compile time:     Feb 10 2025 22:14:15[0m
[0;32mI (475) app_init: ELF file SHA256:  402e2cd8b...[0m
[0;32mI (480) app_init: ESP-IDF:          v5.3[0m
[0;32mI (485) efuse_init: Min chip rev:     v0.0[0m
[0;32mI (490) efuse_init: Max chip rev:     v3.99 [0m
[0;32mI (495) efuse_init: Chip rev:         v3.0[0m
[0;32mI (500) heap_init: Initializing. RAM available for dynamic allocation:[0m
[0;32mI (507) heap_init: At 3FFAE6E0 len 00001920 (6 KiB): DRAM[0m
[0;32mI (513) heap_init: At 3FFB8660 len 000279A0 (158 KiB): DRAM[0m
[0;32mI (519) heap_init: At 3FFE0440 len 00003AE0 (14 KiB): D/IRAM[0m
[0;32mI (525) heap_init: At 3FFE4350 len 0001BCB0 (111 KiB): D/IRAM[0m
[0;32mI (532) heap_init: At 400971F0 len 00008E10 (35 KiB): IRAM[0m
[0;32mI (539) spi_flash: detected chip: generic[0m
[0;32mI (542) spi_flash: flash io: dio[0m
[0;33mW (546) spi_flash: Detected size(4096k) larger than the size in the binary image header(2048k). Using the size in the binary image header.[0m
[0;32mI (561) main_task: Started on CPU0[0m
[0;32mI (571) main_task: Calling app_main()[0m
I (591) wifi:wifi driver task: 3ffc0214, prio:23, stack:6656, core=0
I (591) wifi:wifi firmware version: 0caa81945
I (591) wifi:wifi certification version: v7.0
I (591) wifi:config NVS flash: enabled
I (591) wifi:config nano formating: disabled
I (601) wifi:Init data frame dynamic rx buffer num: 32
I (601) wifi:Init static rx mgmt buffer num: 5
I (611) wifi:Init management short buffer num: 32
I (611) wifi:Init dynamic tx buffer num: 32
I (611) wifi:Init static rx buffer size: 1600
I (621) wifi:Init static rx buffer num: 10
I (621) wifi:Init dynamic rx buffer num: 32
[0;32mI (631) wifi_init: rx ba win: 6[0m
[0;32mI (631) wifi_init: accept mbox: 6[0m
[0;32mI (631) wifi_init: tcpip mbox: 32[0m
[0;32mI (641) wifi_init: udp mbox: 6[0m
[0;32mI (641) wifi_init: tcp mbox: 6[0m
[0;32mI (641) wifi_init: tcp tx win: 5760[0m
[0;32mI (651) wifi_init: tcp rx win: 5760[0m
[0;32mI (651) wifi_init: tcp mss: 1440[0m
[0;32mI (661) wifi_init: WiFi IRAM OP enabled[0m
[0;32mI (661) wifi_init: WiFi RX IRAM OP enabled[0m
[0;32mI (671) phy_init: phy_version 4830,54550f7,Jun 20 2024,14:22:08[0m
I (751) wifi:mode : sta (d4:d4:da:59:e7:bc)
I (751) wifi:enable tsf
[0;32mI (751) WIFI CONNECT: WIFI_EVENT_STA_START[0m
I (1501) wifi:new:<5,0>, old:<1,0>, ap:<255,255>, sta:<5,0>, prof:1, snd_ch_cfg:0x0
I (1501) wifi:state: init -> auth (0xb0)
I (1501) wifi:state: auth -> assoc (0x0)
I (1511) wifi:state: assoc -> run (0x10)
I (1521) wifi:connected with TT-535555, aid = 1, channel 5, BW20, bssid = 22:5b:ad:89:a9:dd
I (1521) wifi:security: WPA2-PSK, phy: bgn, rssi: -30
I (1521) wifi:pm start, type: 1

I (1531) wifi:dp: 1, bi: 102400, li: 3, scale listen interval from 307200 us to 307200 us
I (1541) wifi:AP's beacon interval = 102400 us, DTIM period = 1
[0;32mI (1541) WIFI CONNECT: WIFI_EVENT_STA_CONNECTED[0m
I (1561) wifi:<ba-add>idx:0 (ifx:0, 22:5b:ad:89:a9:dd), tid:0, ssn:0, winSize:64
[0;32mI (2551) WIFI CONNECT: IP_EVENT_STA_GOT_IP[0m
[0;32mI (2551) esp_netif_handlers: sta ip: 192.168.137.47, mask: 255.255.255.0, gw: 192.168.137.1[0m
I (2561) wifi:<ba-add>idx:1 (ifx:0, 22:5b:ad:89:a9:dd), tid:6, ssn:2, winSize:64
[0;32mI (4311) Server Response:: HTTP GET status = 200
[0m
[0;31mE (4311) Server Response:: El campo 'dosificar' no es true[0m
aqui 1
Evento Fallido
[0;32mI (4321) main_task: Returned from app_main()[0m
